====== B2R2 Unsupported Instructions ======
Binary: /mnt/c/MyProject/SoftSec/B2R2/PointerAnalyzer/datas/binaries/libsodium_O1
Count: 498

Function: 0x080ac5e1 gh_ad_blocks
ProgramPoint: 0x080ac663+1
Instruction: vpclmulqdq XMM3, XMM1, XMM0, 0x11
B2R2 SSA: SideEffect UnsupportedInstruction
Action: Analysis continued

Function: 0x080ac5e1 gh_ad_blocks
ProgramPoint: 0x080ac669+1
Instruction: vpclmulqdq XMM2, XMM1, XMM0, 0x0
B2R2 SSA: SideEffect UnsupportedInstruction
Action: Analysis continued

Function: 0x080ac5e1 gh_ad_blocks
ProgramPoint: 0x080ac66f+1
Instruction: vpclmulqdq XMM4, XMM1, XMM0, 0x10
B2R2 SSA: SideEffect UnsupportedInstruction
Action: Analysis continued

Function: 0x080ac5e1 gh_ad_blocks
ProgramPoint: 0x080ac675+1
Instruction: vpclmulqdq XMM1, XMM1, XMM0, 0x1
B2R2 SSA: SideEffect UnsupportedInstruction
Action: Analysis continued

Function: 0x080ac5e1 gh_ad_blocks
ProgramPoint: 0x080ac699+1
Instruction: vpclmulqdq XMM6, XMM0, XMM7, 0x11
B2R2 SSA: SideEffect UnsupportedInstruction
Action: Analysis continued

Function: 0x080ac5e1 gh_ad_blocks
ProgramPoint: 0x080ac69f+1
Instruction: vpclmulqdq XMM5, XMM0, XMM7, 0x0
B2R2 SSA: SideEffect UnsupportedInstruction
Action: Analysis continued

Function: 0x080ac5e1 gh_ad_blocks
ProgramPoint: 0x080ac6a5+1
Instruction: vpclmulqdq XMM4, XMM0, XMM7, 0x10
B2R2 SSA: SideEffect UnsupportedInstruction
Action: Analysis continued

Function: 0x080ac5e1 gh_ad_blocks
ProgramPoint: 0x080ac6ab+1
Instruction: vpclmulqdq XMM0, XMM0, XMM7, 0x1
B2R2 SSA: SideEffect UnsupportedInstruction
Action: Analysis continued

Function: 0x080ac5e1 gh_ad_blocks
ProgramPoint: 0x080ac6df+1
Instruction: vpclmulqdq XMM1, XMM2, XMM4, 0x0
B2R2 SSA: SideEffect UnsupportedInstruction
Action: Analysis continued

Function: 0x080ac5e1 gh_ad_blocks
ProgramPoint: 0x080ac6ee+1
Instruction: vpclmulqdq XMM2, XMM1, XMM4, 0x0
B2R2 SSA: SideEffect UnsupportedInstruction
Action: Analysis continued

Function: 0x080ac5e1 gh_ad_blocks
ProgramPoint: 0x080ac77c+1
Instruction: vpclmulqdq XMM3, XMM1, XMM0, 0x11
B2R2 SSA: SideEffect UnsupportedInstruction
Action: Analysis continued

Function: 0x080ac5e1 gh_ad_blocks
ProgramPoint: 0x080ac782+1
Instruction: vpclmulqdq XMM2, XMM1, XMM0, 0x0
B2R2 SSA: SideEffect UnsupportedInstruction
Action: Analysis continued

Function: 0x080ac5e1 gh_ad_blocks
ProgramPoint: 0x080ac788+1
Instruction: vpclmulqdq XMM4, XMM1, XMM0, 0x10
B2R2 SSA: SideEffect UnsupportedInstruction
Action: Analysis continued

Function: 0x080ac5e1 gh_ad_blocks
ProgramPoint: 0x080ac78e+1
Instruction: vpclmulqdq XMM1, XMM1, XMM0, 0x1
B2R2 SSA: SideEffect UnsupportedInstruction
Action: Analysis continued

Function: 0x080ac5e1 gh_ad_blocks
ProgramPoint: 0x080ac7b0+1
Instruction: vpclmulqdq XMM6, XMM0, XMM7, 0x11
B2R2 SSA: SideEffect UnsupportedInstruction
Action: Analysis continued

Function: 0x080ac5e1 gh_ad_blocks
ProgramPoint: 0x080ac7b6+1
Instruction: vpclmulqdq XMM5, XMM0, XMM7, 0x0
B2R2 SSA: SideEffect UnsupportedInstruction
Action: Analysis continued

Function: 0x080ac5e1 gh_ad_blocks
ProgramPoint: 0x080ac7bc+1
Instruction: vpclmulqdq XMM4, XMM0, XMM7, 0x10
B2R2 SSA: SideEffect UnsupportedInstruction
Action: Analysis continued

Function: 0x080ac5e1 gh_ad_blocks
ProgramPoint: 0x080ac7c2+1
Instruction: vpclmulqdq XMM0, XMM0, XMM7, 0x1
B2R2 SSA: SideEffect UnsupportedInstruction
Action: Analysis continued

Function: 0x080ac5e1 gh_ad_blocks
ProgramPoint: 0x080ac7f6+1
Instruction: vpclmulqdq XMM1, XMM2, XMM5, 0x0
B2R2 SSA: SideEffect UnsupportedInstruction
Action: Analysis continued

Function: 0x080ac5e1 gh_ad_blocks
ProgramPoint: 0x080ac805+1
Instruction: vpclmulqdq XMM2, XMM1, XMM5, 0x0
B2R2 SSA: SideEffect UnsupportedInstruction
Action: Analysis continued

Function: 0x080ac5e1 gh_ad_blocks
ProgramPoint: 0x080ac88d+1
Instruction: vpclmulqdq XMM3, XMM1, XMM0, 0x11
B2R2 SSA: SideEffect UnsupportedInstruction
Action: Analysis continued

Function: 0x080ac5e1 gh_ad_blocks
ProgramPoint: 0x080ac893+1
Instruction: vpclmulqdq XMM2, XMM1, XMM0, 0x0
B2R2 SSA: SideEffect UnsupportedInstruction
Action: Analysis continued

Function: 0x080ac5e1 gh_ad_blocks
ProgramPoint: 0x080ac899+1
Instruction: vpclmulqdq XMM4, XMM1, XMM0, 0x10
B2R2 SSA: SideEffect UnsupportedInstruction
Action: Analysis continued

Function: 0x080ac5e1 gh_ad_blocks
ProgramPoint: 0x080ac89f+1
Instruction: vpclmulqdq XMM1, XMM1, XMM0, 0x1
B2R2 SSA: SideEffect UnsupportedInstruction
Action: Analysis continued

Function: 0x080ac5e1 gh_ad_blocks
ProgramPoint: 0x080ac8c2+1
Instruction: vpclmulqdq XMM6, XMM0, XMM7, 0x11
B2R2 SSA: SideEffect UnsupportedInstruction
Action: Analysis continued

Function: 0x080ac5e1 gh_ad_blocks
ProgramPoint: 0x080ac8c8+1
Instruction: vpclmulqdq XMM5, XMM0, XMM7, 0x0
B2R2 SSA: SideEffect UnsupportedInstruction
Action: Analysis continued

Function: 0x080ac5e1 gh_ad_blocks
ProgramPoint: 0x080ac8ce+1
Instruction: vpclmulqdq XMM4, XMM0, XMM7, 0x10
B2R2 SSA: SideEffect UnsupportedInstruction
Action: Analysis continued

Function: 0x080ac5e1 gh_ad_blocks
ProgramPoint: 0x080ac8d4+1
Instruction: vpclmulqdq XMM0, XMM0, XMM7, 0x1
B2R2 SSA: SideEffect UnsupportedInstruction
Action: Analysis continued

Function: 0x080ac5e1 gh_ad_blocks
ProgramPoint: 0x080ac909+1
Instruction: vpclmulqdq XMM1, XMM2, XMM4, 0x0
B2R2 SSA: SideEffect UnsupportedInstruction
Action: Analysis continued

Function: 0x080ac5e1 gh_ad_blocks
ProgramPoint: 0x080ac918+1
Instruction: vpclmulqdq XMM2, XMM1, XMM4, 0x0
B2R2 SSA: SideEffect UnsupportedInstruction
Action: Analysis continued

Function: 0x080ac5e1 gh_ad_blocks
ProgramPoint: 0x080ac97c+1
Instruction: vpclmulqdq XMM3, XMM0, XMM2, 0x11
B2R2 SSA: SideEffect UnsupportedInstruction
Action: Analysis continued

Function: 0x080ac5e1 gh_ad_blocks
ProgramPoint: 0x080ac987+1
Instruction: vpclmulqdq XMM4, XMM0, XMM2, 0x0
B2R2 SSA: SideEffect UnsupportedInstruction
Action: Analysis continued

Function: 0x080ac5e1 gh_ad_blocks
ProgramPoint: 0x080ac993+1
Instruction: vpclmulqdq XMM7, XMM0, XMM2, 0x10
B2R2 SSA: SideEffect UnsupportedInstruction
Action: Analysis continued

Function: 0x080ac5e1 gh_ad_blocks
ProgramPoint: 0x080ac999+1
Instruction: vpclmulqdq XMM0, XMM0, XMM2, 0x1
B2R2 SSA: SideEffect UnsupportedInstruction
Action: Analysis continued

Function: 0x080ac5e1 gh_ad_blocks
ProgramPoint: 0x080ac9b2+1
Instruction: vpclmulqdq XMM6, XMM2, XMM3, 0x11
B2R2 SSA: SideEffect UnsupportedInstruction
Action: Analysis continued

Function: 0x080ac5e1 gh_ad_blocks
ProgramPoint: 0x080ac9be+1
Instruction: vpclmulqdq XMM4, XMM2, XMM3, 0x0
B2R2 SSA: SideEffect UnsupportedInstruction
Action: Analysis continued

Function: 0x080ac5e1 gh_ad_blocks
ProgramPoint: 0x080ac9c4+1
Instruction: vpclmulqdq XMM6, XMM2, XMM3, 0x10
B2R2 SSA: SideEffect UnsupportedInstruction
Action: Analysis continued

Function: 0x080ac5e1 gh_ad_blocks
ProgramPoint: 0x080ac9ca+1
Instruction: vpclmulqdq XMM2, XMM2, XMM3, 0x1
B2R2 SSA: SideEffect UnsupportedInstruction
Action: Analysis continued

Function: 0x080ac5e1 gh_ad_blocks
ProgramPoint: 0x080ac9f0+1
Instruction: vpclmulqdq XMM4, XMM0, XMM1, 0x0
B2R2 SSA: SideEffect UnsupportedInstruction
Action: Analysis continued

Function: 0x080ac5e1 gh_ad_blocks
ProgramPoint: 0x080ac9ff+1
Instruction: vpclmulqdq XMM2, XMM4, XMM1, 0x0
B2R2 SSA: SideEffect UnsupportedInstruction
Action: Analysis continued

Function: 0x080ac5e1 gh_ad_blocks
ProgramPoint: 0x080aca56+1
Instruction: vpclmulqdq XMM1, XMM0, XMM3, 0x11
B2R2 SSA: SideEffect UnsupportedInstruction
Action: Analysis continued

Function: 0x080ac5e1 gh_ad_blocks
ProgramPoint: 0x080aca5c+1
Instruction: vpclmulqdq XMM2, XMM0, XMM3, 0x0
B2R2 SSA: SideEffect UnsupportedInstruction
Action: Analysis continued

Function: 0x080ac5e1 gh_ad_blocks
ProgramPoint: 0x080aca62+1
Instruction: vpclmulqdq XMM4, XMM0, XMM3, 0x10
B2R2 SSA: SideEffect UnsupportedInstruction
Action: Analysis continued

Function: 0x080ac5e1 gh_ad_blocks
ProgramPoint: 0x080aca68+1
Instruction: vpclmulqdq XMM0, XMM0, XMM3, 0x1
B2R2 SSA: SideEffect UnsupportedInstruction
Action: Analysis continued

Function: 0x080ac5e1 gh_ad_blocks
ProgramPoint: 0x080aca88+1
Instruction: vpclmulqdq XMM0, XMM2, XMM4, 0x0
B2R2 SSA: SideEffect UnsupportedInstruction
Action: Analysis continued

Function: 0x080ac5e1 gh_ad_blocks
ProgramPoint: 0x080aca97+1
Instruction: vpclmulqdq XMM4, XMM0, XMM4, 0x0
B2R2 SSA: SideEffect UnsupportedInstruction
Action: Analysis continued

Function: 0x080ace4e crypto_aead_aes256gcm_encrypt_detached_afternm
ProgramPoint: 0x080ad030+1
Instruction: vaesenc XMM0, XMM0, XMM1
B2R2 SSA: SideEffect UnsupportedInstruction
Action: Analysis continued

Function: 0x080ace4e crypto_aead_aes256gcm_encrypt_detached_afternm
ProgramPoint: 0x080ad05c+1
Instruction: vaesenclast XMM0, XMM0, XMM1
B2R2 SSA: SideEffect UnsupportedInstruction
Action: Analysis continued

Function: 0x080ace4e crypto_aead_aes256gcm_encrypt_detached_afternm
ProgramPoint: 0x080ad1a1+1
Instruction: vaesenc XMM0, XMM0, XMM2
B2R2 SSA: SideEffect UnsupportedInstruction
Action: Analysis continued

Function: 0x080ace4e crypto_aead_aes256gcm_encrypt_detached_afternm
ProgramPoint: 0x080ad1d4+1
Instruction: vaesenclast XMM0, XMM0, XMM2
B2R2 SSA: SideEffect UnsupportedInstruction
Action: Analysis continued

Function: 0x080ace4e crypto_aead_aes256gcm_encrypt_detached_afternm
ProgramPoint: 0x080ad237+1
Instruction: vpclmulqdq XMM5, XMM0, XMM2, 0x11
B2R2 SSA: SideEffect UnsupportedInstruction
Action: Analysis continued

Function: 0x080ace4e crypto_aead_aes256gcm_encrypt_detached_afternm
ProgramPoint: 0x080ad23d+1
Instruction: vpclmulqdq XMM4, XMM0, XMM2, 0x0
B2R2 SSA: SideEffect UnsupportedInstruction
Action: Analysis continued

Function: 0x080ace4e crypto_aead_aes256gcm_encrypt_detached_afternm
ProgramPoint: 0x080ad243+1
Instruction: vpclmulqdq XMM3, XMM0, XMM2, 0x10
B2R2 SSA: SideEffect UnsupportedInstruction
Action: Analysis continued

Function: 0x080ace4e crypto_aead_aes256gcm_encrypt_detached_afternm
ProgramPoint: 0x080ad249+1
Instruction: vpclmulqdq XMM0, XMM0, XMM2, 0x1
B2R2 SSA: SideEffect UnsupportedInstruction
Action: Analysis continued

Function: 0x080ace4e crypto_aead_aes256gcm_encrypt_detached_afternm
ProgramPoint: 0x080ad27e+1
Instruction: vpclmulqdq XMM7, XMM0, XMM1, 0x11
B2R2 SSA: SideEffect UnsupportedInstruction
Action: Analysis continued

Function: 0x080ace4e crypto_aead_aes256gcm_encrypt_detached_afternm
ProgramPoint: 0x080ad284+1
Instruction: vpclmulqdq XMM6, XMM0, XMM1, 0x0
B2R2 SSA: SideEffect UnsupportedInstruction
Action: Analysis continued

Function: 0x080ace4e crypto_aead_aes256gcm_encrypt_detached_afternm
ProgramPoint: 0x080ad28a+1
Instruction: vpclmulqdq XMM3, XMM0, XMM1, 0x10
B2R2 SSA: SideEffect UnsupportedInstruction
Action: Analysis continued

Function: 0x080ace4e crypto_aead_aes256gcm_encrypt_detached_afternm
ProgramPoint: 0x080ad290+1
Instruction: vpclmulqdq XMM0, XMM0, XMM1, 0x1
B2R2 SSA: SideEffect UnsupportedInstruction
Action: Analysis continued

Function: 0x080ace4e crypto_aead_aes256gcm_encrypt_detached_afternm
ProgramPoint: 0x080ad319+1
Instruction: vaesenc XMM0, XMM0, XMM3
B2R2 SSA: SideEffect UnsupportedInstruction
Action: Analysis continued

Function: 0x080ace4e crypto_aead_aes256gcm_encrypt_detached_afternm
ProgramPoint: 0x080ad349+1
Instruction: vaesenclast XMM0, XMM0, XMM3
B2R2 SSA: SideEffect UnsupportedInstruction
Action: Analysis continued

Function: 0x080ace4e crypto_aead_aes256gcm_encrypt_detached_afternm
ProgramPoint: 0x080ad3b1+1
Instruction: vpclmulqdq XMM7, XMM0, XMM1, 0x11
B2R2 SSA: SideEffect UnsupportedInstruction
Action: Analysis continued

Function: 0x080ace4e crypto_aead_aes256gcm_encrypt_detached_afternm
ProgramPoint: 0x080ad3b7+1
Instruction: vpclmulqdq XMM6, XMM0, XMM1, 0x0
B2R2 SSA: SideEffect UnsupportedInstruction
Action: Analysis continued

Function: 0x080ace4e crypto_aead_aes256gcm_encrypt_detached_afternm
ProgramPoint: 0x080ad3bd+1
Instruction: vpclmulqdq XMM3, XMM0, XMM1, 0x10
B2R2 SSA: SideEffect UnsupportedInstruction
Action: Analysis continued

Function: 0x080ace4e crypto_aead_aes256gcm_encrypt_detached_afternm
ProgramPoint: 0x080ad3c3+1
Instruction: vpclmulqdq XMM0, XMM0, XMM1, 0x1
B2R2 SSA: SideEffect UnsupportedInstruction
Action: Analysis continued

Function: 0x080ace4e crypto_aead_aes256gcm_encrypt_detached_afternm
ProgramPoint: 0x080ad403+1
Instruction: vpclmulqdq XMM2, XMM4, XMM7, 0x0
B2R2 SSA: SideEffect UnsupportedInstruction
Action: Analysis continued

Function: 0x080ace4e crypto_aead_aes256gcm_encrypt_detached_afternm
ProgramPoint: 0x080ad412+1
Instruction: vpclmulqdq XMM3, XMM2, XMM7, 0x0
B2R2 SSA: SideEffect UnsupportedInstruction
Action: Analysis continued

Function: 0x080ace4e crypto_aead_aes256gcm_encrypt_detached_afternm
ProgramPoint: 0x080ad55d+1
Instruction: vpclmulqdq XMM7, XMM0, XMM1, 0x11
B2R2 SSA: SideEffect UnsupportedInstruction
Action: Analysis continued

Function: 0x080ace4e crypto_aead_aes256gcm_encrypt_detached_afternm
ProgramPoint: 0x080ad563+1
Instruction: vpclmulqdq XMM3, XMM0, XMM1, 0x0
B2R2 SSA: SideEffect UnsupportedInstruction
Action: Analysis continued

Function: 0x080ace4e crypto_aead_aes256gcm_encrypt_detached_afternm
ProgramPoint: 0x080ad569+1
Instruction: vpclmulqdq XMM2, XMM0, XMM1, 0x10
B2R2 SSA: SideEffect UnsupportedInstruction
Action: Analysis continued

Function: 0x080ace4e crypto_aead_aes256gcm_encrypt_detached_afternm
ProgramPoint: 0x080ad56f+1
Instruction: vpclmulqdq XMM0, XMM0, XMM1, 0x1
B2R2 SSA: SideEffect UnsupportedInstruction
Action: Analysis continued

Function: 0x080ace4e crypto_aead_aes256gcm_encrypt_detached_afternm
ProgramPoint: 0x080ad5a4+1
Instruction: vpclmulqdq XMM5, XMM0, XMM6, 0x11
B2R2 SSA: SideEffect UnsupportedInstruction
Action: Analysis continued

Function: 0x080ace4e crypto_aead_aes256gcm_encrypt_detached_afternm
ProgramPoint: 0x080ad5aa+1
Instruction: vpclmulqdq XMM4, XMM0, XMM6, 0x0
B2R2 SSA: SideEffect UnsupportedInstruction
Action: Analysis continued

Function: 0x080ace4e crypto_aead_aes256gcm_encrypt_detached_afternm
ProgramPoint: 0x080ad5b0+1
Instruction: vpclmulqdq XMM1, XMM0, XMM6, 0x10
B2R2 SSA: SideEffect UnsupportedInstruction
Action: Analysis continued

Function: 0x080ace4e crypto_aead_aes256gcm_encrypt_detached_afternm
ProgramPoint: 0x080ad5b6+1
Instruction: vpclmulqdq XMM0, XMM0, XMM6, 0x1
B2R2 SSA: SideEffect UnsupportedInstruction
Action: Analysis continued

Function: 0x080ace4e crypto_aead_aes256gcm_encrypt_detached_afternm
ProgramPoint: 0x080ad5f3+1
Instruction: vpclmulqdq XMM1, XMM3, XMM2, 0x0
B2R2 SSA: SideEffect UnsupportedInstruction
Action: Analysis continued

Function: 0x080ace4e crypto_aead_aes256gcm_encrypt_detached_afternm
ProgramPoint: 0x080ad602+1
Instruction: vpclmulqdq XMM2, XMM1, XMM2, 0x0
B2R2 SSA: SideEffect UnsupportedInstruction
Action: Analysis continued

Function: 0x080ace4e crypto_aead_aes256gcm_encrypt_detached_afternm
ProgramPoint: 0x080ad6ca+1
Instruction: vaesenc XMM0, XMM0, XMM1
B2R2 SSA: SideEffect UnsupportedInstruction
Action: Analysis continued

Function: 0x080ace4e crypto_aead_aes256gcm_encrypt_detached_afternm
ProgramPoint: 0x080ad6fd+1
Instruction: vaesenclast XMM0, XMM0, XMM1
B2R2 SSA: SideEffect UnsupportedInstruction
Action: Analysis continued

Function: 0x080ace4e crypto_aead_aes256gcm_encrypt_detached_afternm
ProgramPoint: 0x080ad806+1
Instruction: vaesenc XMM0, XMM0, XMM2
B2R2 SSA: SideEffect UnsupportedInstruction
Action: Analysis continued

Function: 0x080ace4e crypto_aead_aes256gcm_encrypt_detached_afternm
ProgramPoint: 0x080ad836+1
Instruction: vaesenclast XMM0, XMM0, XMM2
B2R2 SSA: SideEffect UnsupportedInstruction
Action: Analysis continued

Function: 0x080ace4e crypto_aead_aes256gcm_encrypt_detached_afternm
ProgramPoint: 0x080ad898+1
Instruction: vpclmulqdq XMM7, XMM0, XMM2, 0x11
B2R2 SSA: SideEffect UnsupportedInstruction
Action: Analysis continued

Function: 0x080ace4e crypto_aead_aes256gcm_encrypt_detached_afternm
ProgramPoint: 0x080ad89e+1
Instruction: vpclmulqdq XMM3, XMM0, XMM2, 0x0
B2R2 SSA: SideEffect UnsupportedInstruction
Action: Analysis continued

Function: 0x080ace4e crypto_aead_aes256gcm_encrypt_detached_afternm
ProgramPoint: 0x080ad8a4+1
Instruction: vpclmulqdq XMM4, XMM0, XMM2, 0x10
B2R2 SSA: SideEffect UnsupportedInstruction
Action: Analysis continued

Function: 0x080ace4e crypto_aead_aes256gcm_encrypt_detached_afternm
ProgramPoint: 0x080ad8aa+1
Instruction: vpclmulqdq XMM0, XMM0, XMM2, 0x1
B2R2 SSA: SideEffect UnsupportedInstruction
Action: Analysis continued

Function: 0x080ace4e crypto_aead_aes256gcm_encrypt_detached_afternm
ProgramPoint: 0x080ad8d0+1
Instruction: vpclmulqdq XMM6, XMM0, XMM1, 0x11
B2R2 SSA: SideEffect UnsupportedInstruction
Action: Analysis continued

Function: 0x080ace4e crypto_aead_aes256gcm_encrypt_detached_afternm
ProgramPoint: 0x080ad8d6+1
Instruction: vpclmulqdq XMM5, XMM0, XMM1, 0x0
B2R2 SSA: SideEffect UnsupportedInstruction
Action: Analysis continued

Function: 0x080ace4e crypto_aead_aes256gcm_encrypt_detached_afternm
ProgramPoint: 0x080ad8dc+1
Instruction: vpclmulqdq XMM4, XMM0, XMM1, 0x10
B2R2 SSA: SideEffect UnsupportedInstruction
Action: Analysis continued

Function: 0x080ace4e crypto_aead_aes256gcm_encrypt_detached_afternm
ProgramPoint: 0x080ad8e2+1
Instruction: vpclmulqdq XMM0, XMM0, XMM1, 0x1
B2R2 SSA: SideEffect UnsupportedInstruction
Action: Analysis continued

Function: 0x080ace4e crypto_aead_aes256gcm_encrypt_detached_afternm
ProgramPoint: 0x080ad91f+1
Instruction: vpclmulqdq XMM2, XMM3, XMM5, 0x0
B2R2 SSA: SideEffect UnsupportedInstruction
Action: Analysis continued

Function: 0x080ace4e crypto_aead_aes256gcm_encrypt_detached_afternm
ProgramPoint: 0x080ad92e+1
Instruction: vpclmulqdq XMM3, XMM2, XMM5, 0x0
B2R2 SSA: SideEffect UnsupportedInstruction
Action: Analysis continued

Function: 0x080ace4e crypto_aead_aes256gcm_encrypt_detached_afternm
ProgramPoint: 0x080ad99f+1
Instruction: vpclmulqdq XMM7, XMM0, XMM1, 0x11
B2R2 SSA: SideEffect UnsupportedInstruction
Action: Analysis continued

Function: 0x080ace4e crypto_aead_aes256gcm_encrypt_detached_afternm
ProgramPoint: 0x080ad9a5+1
Instruction: vpclmulqdq XMM3, XMM0, XMM1, 0x0
B2R2 SSA: SideEffect UnsupportedInstruction
Action: Analysis continued

Function: 0x080ace4e crypto_aead_aes256gcm_encrypt_detached_afternm
ProgramPoint: 0x080ad9ab+1
Instruction: vpclmulqdq XMM2, XMM0, XMM1, 0x10
B2R2 SSA: SideEffect UnsupportedInstruction
Action: Analysis continued

Function: 0x080ace4e crypto_aead_aes256gcm_encrypt_detached_afternm
ProgramPoint: 0x080ad9b1+1
Instruction: vpclmulqdq XMM0, XMM0, XMM1, 0x1
B2R2 SSA: SideEffect UnsupportedInstruction
Action: Analysis continued

Function: 0x080ace4e crypto_aead_aes256gcm_encrypt_detached_afternm
ProgramPoint: 0x080ad9e6+1
Instruction: vpclmulqdq XMM5, XMM0, XMM6, 0x11
B2R2 SSA: SideEffect UnsupportedInstruction
Action: Analysis continued

Function: 0x080ace4e crypto_aead_aes256gcm_encrypt_detached_afternm
ProgramPoint: 0x080ad9ec+1
Instruction: vpclmulqdq XMM4, XMM0, XMM6, 0x0
B2R2 SSA: SideEffect UnsupportedInstruction
Action: Analysis continued

Function: 0x080ace4e crypto_aead_aes256gcm_encrypt_detached_afternm
ProgramPoint: 0x080ad9f2+1
Instruction: vpclmulqdq XMM1, XMM0, XMM6, 0x10
B2R2 SSA: SideEffect UnsupportedInstruction
Action: Analysis continued

Function: 0x080ace4e crypto_aead_aes256gcm_encrypt_detached_afternm
ProgramPoint: 0x080ad9f8+1
Instruction: vpclmulqdq XMM0, XMM0, XMM6, 0x1
B2R2 SSA: SideEffect UnsupportedInstruction
Action: Analysis continued

Function: 0x080ace4e crypto_aead_aes256gcm_encrypt_detached_afternm
ProgramPoint: 0x080ada35+1
Instruction: vpclmulqdq XMM1, XMM3, XMM2, 0x0
B2R2 SSA: SideEffect UnsupportedInstruction
Action: Analysis continued

Function: 0x080ace4e crypto_aead_aes256gcm_encrypt_detached_afternm
ProgramPoint: 0x080ada44+1
Instruction: vpclmulqdq XMM2, XMM1, XMM2, 0x0
B2R2 SSA: SideEffect UnsupportedInstruction
Action: Analysis continued

Function: 0x080ace4e crypto_aead_aes256gcm_encrypt_detached_afternm
ProgramPoint: 0x080adb13+1
Instruction: vaesenc XMM0, XMM0, xmmword ptr [EDX]
B2R2 SSA: SideEffect UnsupportedInstruction
Action: Analysis continued

Function: 0x080ace4e crypto_aead_aes256gcm_encrypt_detached_afternm
ProgramPoint: 0x080adb1f+1
Instruction: vaesenclast XMM0, XMM0, xmmword ptr [EBP+0xe0]
B2R2 SSA: SideEffect UnsupportedInstruction
Action: Analysis continued

Function: 0x080ace4e crypto_aead_aes256gcm_encrypt_detached_afternm
ProgramPoint: 0x080adb59+1
Instruction: vpclmulqdq XMM4, XMM0, XMM3, 0x11
B2R2 SSA: SideEffect UnsupportedInstruction
Action: Analysis continued

Function: 0x080ace4e crypto_aead_aes256gcm_encrypt_detached_afternm
ProgramPoint: 0x080adb5f+1
Instruction: vpclmulqdq XMM6, XMM0, XMM3, 0x0
B2R2 SSA: SideEffect UnsupportedInstruction
Action: Analysis continued

Function: 0x080ace4e crypto_aead_aes256gcm_encrypt_detached_afternm
ProgramPoint: 0x080adb65+1
Instruction: vpclmulqdq XMM2, XMM0, XMM3, 0x10
B2R2 SSA: SideEffect UnsupportedInstruction
Action: Analysis continued

Function: 0x080ace4e crypto_aead_aes256gcm_encrypt_detached_afternm
ProgramPoint: 0x080adb6b+1
Instruction: vpclmulqdq XMM0, XMM0, XMM3, 0x1
B2R2 SSA: SideEffect UnsupportedInstruction
Action: Analysis continued

Function: 0x080ace4e crypto_aead_aes256gcm_encrypt_detached_afternm
ProgramPoint: 0x080adb9c+1
Instruction: vpclmulqdq XMM6, XMM0, XMM1, 0x11
B2R2 SSA: SideEffect UnsupportedInstruction
Action: Analysis continued

Function: 0x080ace4e crypto_aead_aes256gcm_encrypt_detached_afternm
ProgramPoint: 0x080adba2+1
Instruction: vpclmulqdq XMM2, XMM0, XMM1, 0x0
B2R2 SSA: SideEffect UnsupportedInstruction
Action: Analysis continued

Function: 0x080ace4e crypto_aead_aes256gcm_encrypt_detached_afternm
ProgramPoint: 0x080adbae+1
Instruction: vpclmulqdq XMM2, XMM0, XMM1, 0x10
B2R2 SSA: SideEffect UnsupportedInstruction
Action: Analysis continued

Function: 0x080ace4e crypto_aead_aes256gcm_encrypt_detached_afternm
ProgramPoint: 0x080adbb4+1
Instruction: vpclmulqdq XMM0, XMM0, XMM1, 0x1
B2R2 SSA: SideEffect UnsupportedInstruction
Action: Analysis continued

Function: 0x080ace4e crypto_aead_aes256gcm_encrypt_detached_afternm
ProgramPoint: 0x080adbff+1
Instruction: vpclmulqdq XMM3, XMM0, XMM6, 0x0
B2R2 SSA: SideEffect UnsupportedInstruction
Action: Analysis continued

Function: 0x080ace4e crypto_aead_aes256gcm_encrypt_detached_afternm
ProgramPoint: 0x080adc0e+1
Instruction: vpclmulqdq XMM3, XMM0, XMM6, 0x0
B2R2 SSA: SideEffect UnsupportedInstruction
Action: Analysis continued

Function: 0x080ace4e crypto_aead_aes256gcm_encrypt_detached_afternm
ProgramPoint: 0x080adcff+1
Instruction: vaesenc XMM0, XMM0, xmmword ptr [EDX]
B2R2 SSA: SideEffect UnsupportedInstruction
Action: Analysis continued

Function: 0x080ace4e crypto_aead_aes256gcm_encrypt_detached_afternm
ProgramPoint: 0x080add0b+1
Instruction: vaesenclast XMM0, XMM0, xmmword ptr [EBP+0xe0]
B2R2 SSA: SideEffect UnsupportedInstruction
Action: Analysis continued

Function: 0x080ace4e crypto_aead_aes256gcm_encrypt_detached_afternm
ProgramPoint: 0x080add2e+1
Instruction: vaesenc XMM0, XMM0, xmmword ptr [EAX]
B2R2 SSA: SideEffect UnsupportedInstruction
Action: Analysis continued

Function: 0x080ace4e crypto_aead_aes256gcm_encrypt_detached_afternm
ProgramPoint: 0x080add3a+1
Instruction: vaesenclast XMM0, XMM0, xmmword ptr [EBP+0xe0]
B2R2 SSA: SideEffect UnsupportedInstruction
Action: Analysis continued

Function: 0x080ace4e crypto_aead_aes256gcm_encrypt_detached_afternm
ProgramPoint: 0x080add6b+1
Instruction: vpclmulqdq XMM6, XMM1, XMM2, 0x11
B2R2 SSA: SideEffect UnsupportedInstruction
Action: Analysis continued

Function: 0x080ace4e crypto_aead_aes256gcm_encrypt_detached_afternm
ProgramPoint: 0x080add76+1
Instruction: vpclmulqdq XMM3, XMM1, XMM2, 0x0
B2R2 SSA: SideEffect UnsupportedInstruction
Action: Analysis continued

Function: 0x080ace4e crypto_aead_aes256gcm_encrypt_detached_afternm
ProgramPoint: 0x080add82+1
Instruction: vpclmulqdq XMM6, XMM1, XMM2, 0x10
B2R2 SSA: SideEffect UnsupportedInstruction
Action: Analysis continued

Function: 0x080ace4e crypto_aead_aes256gcm_encrypt_detached_afternm
ProgramPoint: 0x080add88+1
Instruction: vpclmulqdq XMM1, XMM1, XMM2, 0x1
B2R2 SSA: SideEffect UnsupportedInstruction
Action: Analysis continued

Function: 0x080ace4e crypto_aead_aes256gcm_encrypt_detached_afternm
ProgramPoint: 0x080adda1+1
Instruction: vpclmulqdq XMM3, XMM0, XMM2, 0x11
B2R2 SSA: SideEffect UnsupportedInstruction
Action: Analysis continued

Function: 0x080ace4e crypto_aead_aes256gcm_encrypt_detached_afternm
ProgramPoint: 0x080adda7+1
Instruction: vpclmulqdq XMM1, XMM0, XMM2, 0x0
B2R2 SSA: SideEffect UnsupportedInstruction
Action: Analysis continued

Function: 0x080ace4e crypto_aead_aes256gcm_encrypt_detached_afternm
ProgramPoint: 0x080addb3+1
Instruction: vpclmulqdq XMM1, XMM0, XMM2, 0x10
B2R2 SSA: SideEffect UnsupportedInstruction
Action: Analysis continued

Function: 0x080ace4e crypto_aead_aes256gcm_encrypt_detached_afternm
ProgramPoint: 0x080addbf+1
Instruction: vpclmulqdq XMM0, XMM0, XMM2, 0x1
B2R2 SSA: SideEffect UnsupportedInstruction
Action: Analysis continued

Function: 0x080ace4e crypto_aead_aes256gcm_encrypt_detached_afternm
ProgramPoint: 0x080addef+1
Instruction: vpclmulqdq XMM2, XMM1, XMM5, 0x0
B2R2 SSA: SideEffect UnsupportedInstruction
Action: Analysis continued

Function: 0x080ace4e crypto_aead_aes256gcm_encrypt_detached_afternm
ProgramPoint: 0x080addfe+1
Instruction: vpclmulqdq XMM1, XMM2, XMM5, 0x0
B2R2 SSA: SideEffect UnsupportedInstruction
Action: Analysis continued

Function: 0x080ace4e crypto_aead_aes256gcm_encrypt_detached_afternm
ProgramPoint: 0x080adeae+1
Instruction: vaesenc XMM0, XMM0, xmmword ptr [EAX]
B2R2 SSA: SideEffect UnsupportedInstruction
Action: Analysis continued

Function: 0x080ace4e crypto_aead_aes256gcm_encrypt_detached_afternm
ProgramPoint: 0x080adeba+1
Instruction: vaesenclast XMM0, XMM0, xmmword ptr [EBP+0xe0]
B2R2 SSA: SideEffect UnsupportedInstruction
Action: Analysis continued

Function: 0x080ace4e crypto_aead_aes256gcm_encrypt_detached_afternm
ProgramPoint: 0x080adee5+1
Instruction: vpclmulqdq XMM5, XMM0, XMM2, 0x11
B2R2 SSA: SideEffect UnsupportedInstruction
Action: Analysis continued

Function: 0x080ace4e crypto_aead_aes256gcm_encrypt_detached_afternm
ProgramPoint: 0x080adef0+1
Instruction: vpclmulqdq XMM1, XMM0, XMM2, 0x0
B2R2 SSA: SideEffect UnsupportedInstruction
Action: Analysis continued

Function: 0x080ace4e crypto_aead_aes256gcm_encrypt_detached_afternm
ProgramPoint: 0x080adef6+1
Instruction: vpclmulqdq XMM5, XMM0, XMM2, 0x10
B2R2 SSA: SideEffect UnsupportedInstruction
Action: Analysis continued

Function: 0x080ace4e crypto_aead_aes256gcm_encrypt_detached_afternm
ProgramPoint: 0x080adefc+1
Instruction: vpclmulqdq XMM0, XMM0, XMM2, 0x1
B2R2 SSA: SideEffect UnsupportedInstruction
Action: Analysis continued

Function: 0x080ace4e crypto_aead_aes256gcm_encrypt_detached_afternm
ProgramPoint: 0x080adf14+1
Instruction: vpclmulqdq XMM5, XMM1, XMM3, 0x0
B2R2 SSA: SideEffect UnsupportedInstruction
Action: Analysis continued

Function: 0x080ace4e crypto_aead_aes256gcm_encrypt_detached_afternm
ProgramPoint: 0x080adf23+1
Instruction: vpclmulqdq XMM1, XMM5, XMM3, 0x0
B2R2 SSA: SideEffect UnsupportedInstruction
Action: Analysis continued

Function: 0x080ace4e crypto_aead_aes256gcm_encrypt_detached_afternm
ProgramPoint: 0x080adfcb+1
Instruction: vaesenc XMM0, XMM0, xmmword ptr [ECX]
B2R2 SSA: SideEffect UnsupportedInstruction
Action: Analysis continued

Function: 0x080ace4e crypto_aead_aes256gcm_encrypt_detached_afternm
ProgramPoint: 0x080adfd7+1
Instruction: vaesenclast XMM0, XMM0, xmmword ptr [EBP+0xe0]
B2R2 SSA: SideEffect UnsupportedInstruction
Action: Analysis continued

Function: 0x080ace4e crypto_aead_aes256gcm_encrypt_detached_afternm
ProgramPoint: 0x080ae056+1
Instruction: vaesenc XMM0, XMM0, xmmword ptr [EAX]
B2R2 SSA: SideEffect UnsupportedInstruction
Action: Analysis continued

Function: 0x080ace4e crypto_aead_aes256gcm_encrypt_detached_afternm
ProgramPoint: 0x080ae062+1
Instruction: vaesenclast XMM0, XMM0, xmmword ptr [EBP+0xe0]
B2R2 SSA: SideEffect UnsupportedInstruction
Action: Analysis continued

Function: 0x080ae381 crypto_aead_aes256gcm_decrypt_detached_afternm
ProgramPoint: 0x080ae555+1
Instruction: vpclmulqdq XMM5, XMM0, XMM2, 0x11
B2R2 SSA: SideEffect UnsupportedInstruction
Action: Analysis continued

Function: 0x080ae381 crypto_aead_aes256gcm_decrypt_detached_afternm
ProgramPoint: 0x080ae55b+1
Instruction: vpclmulqdq XMM4, XMM0, XMM2, 0x0
B2R2 SSA: SideEffect UnsupportedInstruction
Action: Analysis continued

Function: 0x080ae381 crypto_aead_aes256gcm_decrypt_detached_afternm
ProgramPoint: 0x080ae561+1
Instruction: vpclmulqdq XMM3, XMM0, XMM2, 0x10
B2R2 SSA: SideEffect UnsupportedInstruction
Action: Analysis continued

Function: 0x080ae381 crypto_aead_aes256gcm_decrypt_detached_afternm
ProgramPoint: 0x080ae567+1
Instruction: vpclmulqdq XMM0, XMM0, XMM2, 0x1
B2R2 SSA: SideEffect UnsupportedInstruction
Action: Analysis continued

Function: 0x080ae381 crypto_aead_aes256gcm_decrypt_detached_afternm
ProgramPoint: 0x080ae599+1
Instruction: vpclmulqdq XMM7, XMM0, XMM1, 0x11
B2R2 SSA: SideEffect UnsupportedInstruction
Action: Analysis continued

Function: 0x080ae381 crypto_aead_aes256gcm_decrypt_detached_afternm
ProgramPoint: 0x080ae59f+1
Instruction: vpclmulqdq XMM6, XMM0, XMM1, 0x0
B2R2 SSA: SideEffect UnsupportedInstruction
Action: Analysis continued

Function: 0x080ae381 crypto_aead_aes256gcm_decrypt_detached_afternm
ProgramPoint: 0x080ae5a5+1
Instruction: vpclmulqdq XMM3, XMM0, XMM1, 0x10
B2R2 SSA: SideEffect UnsupportedInstruction
Action: Analysis continued

Function: 0x080ae381 crypto_aead_aes256gcm_decrypt_detached_afternm
ProgramPoint: 0x080ae5ab+1
Instruction: vpclmulqdq XMM0, XMM0, XMM1, 0x1
B2R2 SSA: SideEffect UnsupportedInstruction
Action: Analysis continued

Function: 0x080ae381 crypto_aead_aes256gcm_decrypt_detached_afternm
ProgramPoint: 0x080ae62d+1
Instruction: vaesenc XMM3, XMM3, XMM0
B2R2 SSA: SideEffect UnsupportedInstruction
Action: Analysis continued

Function: 0x080ae381 crypto_aead_aes256gcm_decrypt_detached_afternm
ProgramPoint: 0x080ae67d+1
Instruction: vaesenclast XMM0, XMM0, XMM3
B2R2 SSA: SideEffect UnsupportedInstruction
Action: Analysis continued

Function: 0x080ae381 crypto_aead_aes256gcm_decrypt_detached_afternm
ProgramPoint: 0x080ae70e+1
Instruction: vpclmulqdq XMM7, XMM0, XMM1, 0x11
B2R2 SSA: SideEffect UnsupportedInstruction
Action: Analysis continued

Function: 0x080ae381 crypto_aead_aes256gcm_decrypt_detached_afternm
ProgramPoint: 0x080ae714+1
Instruction: vpclmulqdq XMM6, XMM0, XMM1, 0x0
B2R2 SSA: SideEffect UnsupportedInstruction
Action: Analysis continued

Function: 0x080ae381 crypto_aead_aes256gcm_decrypt_detached_afternm
ProgramPoint: 0x080ae71a+1
Instruction: vpclmulqdq XMM3, XMM0, XMM1, 0x10
B2R2 SSA: SideEffect UnsupportedInstruction
Action: Analysis continued

Function: 0x080ae381 crypto_aead_aes256gcm_decrypt_detached_afternm
ProgramPoint: 0x080ae720+1
Instruction: vpclmulqdq XMM0, XMM0, XMM1, 0x1
B2R2 SSA: SideEffect UnsupportedInstruction
Action: Analysis continued

Function: 0x080ae381 crypto_aead_aes256gcm_decrypt_detached_afternm
ProgramPoint: 0x080ae75e+1
Instruction: vpclmulqdq XMM2, XMM4, XMM3, 0x0
B2R2 SSA: SideEffect UnsupportedInstruction
Action: Analysis continued

Function: 0x080ae381 crypto_aead_aes256gcm_decrypt_detached_afternm
ProgramPoint: 0x080ae76d+1
Instruction: vpclmulqdq XMM3, XMM2, XMM3, 0x0
B2R2 SSA: SideEffect UnsupportedInstruction
Action: Analysis continued

Function: 0x080ae381 crypto_aead_aes256gcm_decrypt_detached_afternm
ProgramPoint: 0x080ae7bd+1
Instruction: vaesenc XMM2, XMM2, XMM0
B2R2 SSA: SideEffect UnsupportedInstruction
Action: Analysis continued

Function: 0x080ae381 crypto_aead_aes256gcm_decrypt_detached_afternm
ProgramPoint: 0x080ae7eb+1
Instruction: vaesenclast XMM0, XMM0, XMM2
B2R2 SSA: SideEffect UnsupportedInstruction
Action: Analysis continued

Function: 0x080ae381 crypto_aead_aes256gcm_decrypt_detached_afternm
ProgramPoint: 0x080ae978+1
Instruction: vaesenc XMM1, XMM1, xmmword ptr [EAX]
B2R2 SSA: SideEffect UnsupportedInstruction
Action: Analysis continued

Function: 0x080ae381 crypto_aead_aes256gcm_decrypt_detached_afternm
ProgramPoint: 0x080ae987+1
Instruction: vaesenclast XMM6, XMM1, xmmword ptr [EAX+0xe0]
B2R2 SSA: SideEffect UnsupportedInstruction
Action: Analysis continued

Function: 0x080ae381 crypto_aead_aes256gcm_decrypt_detached_afternm
ProgramPoint: 0x080aec38+1
Instruction: vpclmulqdq XMM7, XMM0, XMM2, 0x11
B2R2 SSA: SideEffect UnsupportedInstruction
Action: Analysis continued

Function: 0x080ae381 crypto_aead_aes256gcm_decrypt_detached_afternm
ProgramPoint: 0x080aec3e+1
Instruction: vpclmulqdq XMM3, XMM0, XMM2, 0x0
B2R2 SSA: SideEffect UnsupportedInstruction
Action: Analysis continued

Function: 0x080ae381 crypto_aead_aes256gcm_decrypt_detached_afternm
ProgramPoint: 0x080aec44+1
Instruction: vpclmulqdq XMM4, XMM0, XMM2, 0x10
B2R2 SSA: SideEffect UnsupportedInstruction
Action: Analysis continued

Function: 0x080ae381 crypto_aead_aes256gcm_decrypt_detached_afternm
ProgramPoint: 0x080aec4a+1
Instruction: vpclmulqdq XMM0, XMM0, XMM2, 0x1
B2R2 SSA: SideEffect UnsupportedInstruction
Action: Analysis continued

Function: 0x080ae381 crypto_aead_aes256gcm_decrypt_detached_afternm
ProgramPoint: 0x080aec82+1
Instruction: vpclmulqdq XMM6, XMM0, XMM1, 0x11
B2R2 SSA: SideEffect UnsupportedInstruction
Action: Analysis continued

Function: 0x080ae381 crypto_aead_aes256gcm_decrypt_detached_afternm
ProgramPoint: 0x080aec88+1
Instruction: vpclmulqdq XMM5, XMM0, XMM1, 0x0
B2R2 SSA: SideEffect UnsupportedInstruction
Action: Analysis continued

Function: 0x080ae381 crypto_aead_aes256gcm_decrypt_detached_afternm
ProgramPoint: 0x080aec8e+1
Instruction: vpclmulqdq XMM4, XMM0, XMM1, 0x10
B2R2 SSA: SideEffect UnsupportedInstruction
Action: Analysis continued

Function: 0x080ae381 crypto_aead_aes256gcm_decrypt_detached_afternm
ProgramPoint: 0x080aec94+1
Instruction: vpclmulqdq XMM0, XMM0, XMM1, 0x1
B2R2 SSA: SideEffect UnsupportedInstruction
Action: Analysis continued

Function: 0x080ae381 crypto_aead_aes256gcm_decrypt_detached_afternm
ProgramPoint: 0x080aecdb+1
Instruction: vpclmulqdq XMM2, XMM3, XMM6, 0x0
B2R2 SSA: SideEffect UnsupportedInstruction
Action: Analysis continued

Function: 0x080ae381 crypto_aead_aes256gcm_decrypt_detached_afternm
ProgramPoint: 0x080aecea+1
Instruction: vpclmulqdq XMM3, XMM2, XMM6, 0x0
B2R2 SSA: SideEffect UnsupportedInstruction
Action: Analysis continued

Function: 0x080ae381 crypto_aead_aes256gcm_decrypt_detached_afternm
ProgramPoint: 0x080aed4d+1
Instruction: vaesenc XMM2, XMM2, XMM0
B2R2 SSA: SideEffect UnsupportedInstruction
Action: Analysis continued

Function: 0x080ae381 crypto_aead_aes256gcm_decrypt_detached_afternm
ProgramPoint: 0x080aed7d+1
Instruction: vaesenclast XMM0, XMM0, XMM2
B2R2 SSA: SideEffect UnsupportedInstruction
Action: Analysis continued

Function: 0x080ae381 crypto_aead_aes256gcm_decrypt_detached_afternm
ProgramPoint: 0x080aee88+1
Instruction: vpclmulqdq XMM4, XMM0, XMM3, 0x11
B2R2 SSA: SideEffect UnsupportedInstruction
Action: Analysis continued

Function: 0x080ae381 crypto_aead_aes256gcm_decrypt_detached_afternm
ProgramPoint: 0x080aee8e+1
Instruction: vpclmulqdq XMM7, XMM0, XMM3, 0x0
B2R2 SSA: SideEffect UnsupportedInstruction
Action: Analysis continued

Function: 0x080ae381 crypto_aead_aes256gcm_decrypt_detached_afternm
ProgramPoint: 0x080aee94+1
Instruction: vpclmulqdq XMM2, XMM0, XMM3, 0x10
B2R2 SSA: SideEffect UnsupportedInstruction
Action: Analysis continued

Function: 0x080ae381 crypto_aead_aes256gcm_decrypt_detached_afternm
ProgramPoint: 0x080aee9a+1
Instruction: vpclmulqdq XMM0, XMM0, XMM3, 0x1
B2R2 SSA: SideEffect UnsupportedInstruction
Action: Analysis continued

Function: 0x080ae381 crypto_aead_aes256gcm_decrypt_detached_afternm
ProgramPoint: 0x080aeee0+1
Instruction: vpclmulqdq XMM7, XMM0, XMM1, 0x11
B2R2 SSA: SideEffect UnsupportedInstruction
Action: Analysis continued

Function: 0x080ae381 crypto_aead_aes256gcm_decrypt_detached_afternm
ProgramPoint: 0x080aeee6+1
Instruction: vpclmulqdq XMM2, XMM0, XMM1, 0x0
B2R2 SSA: SideEffect UnsupportedInstruction
Action: Analysis continued

Function: 0x080ae381 crypto_aead_aes256gcm_decrypt_detached_afternm
ProgramPoint: 0x080aeef4+1
Instruction: vpclmulqdq XMM2, XMM0, XMM1, 0x10
B2R2 SSA: SideEffect UnsupportedInstruction
Action: Analysis continued

Function: 0x080ae381 crypto_aead_aes256gcm_decrypt_detached_afternm
ProgramPoint: 0x080aeefa+1
Instruction: vpclmulqdq XMM0, XMM0, XMM1, 0x1
B2R2 SSA: SideEffect UnsupportedInstruction
Action: Analysis continued

Function: 0x080ae381 crypto_aead_aes256gcm_decrypt_detached_afternm
ProgramPoint: 0x080aef5a+1
Instruction: vpclmulqdq XMM3, XMM0, XMM7, 0x0
B2R2 SSA: SideEffect UnsupportedInstruction
Action: Analysis continued

Function: 0x080ae381 crypto_aead_aes256gcm_decrypt_detached_afternm
ProgramPoint: 0x080aef69+1
Instruction: vpclmulqdq XMM3, XMM0, XMM7, 0x0
B2R2 SSA: SideEffect UnsupportedInstruction
Action: Analysis continued

Function: 0x080ae381 crypto_aead_aes256gcm_decrypt_detached_afternm
ProgramPoint: 0x080aefa3+1
Instruction: vaesenc XMM0, XMM0, xmmword ptr [EAX]
B2R2 SSA: SideEffect UnsupportedInstruction
Action: Analysis continued

Function: 0x080ae381 crypto_aead_aes256gcm_decrypt_detached_afternm
ProgramPoint: 0x080aefb8+1
Instruction: vaesenclast XMM0, XMM0, xmmword ptr [EAX+0xe0]
B2R2 SSA: SideEffect UnsupportedInstruction
Action: Analysis continued

Function: 0x080ae381 crypto_aead_aes256gcm_decrypt_detached_afternm
ProgramPoint: 0x080af0ba+1
Instruction: vpclmulqdq XMM3, XMM0, XMM1, 0x11
B2R2 SSA: SideEffect UnsupportedInstruction
Action: Analysis continued

Function: 0x080ae381 crypto_aead_aes256gcm_decrypt_detached_afternm
ProgramPoint: 0x080af0c8+1
Instruction: vpclmulqdq XMM2, XMM0, XMM1, 0x0
B2R2 SSA: SideEffect UnsupportedInstruction
Action: Analysis continued

Function: 0x080ae381 crypto_aead_aes256gcm_decrypt_detached_afternm
ProgramPoint: 0x080af0d6+1
Instruction: vpclmulqdq XMM3, XMM0, XMM1, 0x10
B2R2 SSA: SideEffect UnsupportedInstruction
Action: Analysis continued

Function: 0x080ae381 crypto_aead_aes256gcm_decrypt_detached_afternm
ProgramPoint: 0x080af0e4+1
Instruction: vpclmulqdq XMM0, XMM0, XMM1, 0x1
B2R2 SSA: SideEffect UnsupportedInstruction
Action: Analysis continued

Function: 0x080ae381 crypto_aead_aes256gcm_decrypt_detached_afternm
ProgramPoint: 0x080af0fd+1
Instruction: vpclmulqdq XMM3, XMM1, XMM2, 0x11
B2R2 SSA: SideEffect UnsupportedInstruction
Action: Analysis continued

Function: 0x080ae381 crypto_aead_aes256gcm_decrypt_detached_afternm
ProgramPoint: 0x080af103+1
Instruction: vpclmulqdq XMM5, XMM1, XMM2, 0x0
B2R2 SSA: SideEffect UnsupportedInstruction
Action: Analysis continued

Function: 0x080ae381 crypto_aead_aes256gcm_decrypt_detached_afternm
ProgramPoint: 0x080af111+1
Instruction: vpclmulqdq XMM5, XMM1, XMM2, 0x10
B2R2 SSA: SideEffect UnsupportedInstruction
Action: Analysis continued

Function: 0x080ae381 crypto_aead_aes256gcm_decrypt_detached_afternm
ProgramPoint: 0x080af117+1
Instruction: vpclmulqdq XMM1, XMM1, XMM2, 0x1
B2R2 SSA: SideEffect UnsupportedInstruction
Action: Analysis continued

Function: 0x080ae381 crypto_aead_aes256gcm_decrypt_detached_afternm
ProgramPoint: 0x080af153+1
Instruction: vpclmulqdq XMM2, XMM0, XMM5, 0x0
B2R2 SSA: SideEffect UnsupportedInstruction
Action: Analysis continued

Function: 0x080ae381 crypto_aead_aes256gcm_decrypt_detached_afternm
ProgramPoint: 0x080af162+1
Instruction: vpclmulqdq XMM2, XMM0, XMM5, 0x0
B2R2 SSA: SideEffect UnsupportedInstruction
Action: Analysis continued

Function: 0x080ae381 crypto_aead_aes256gcm_decrypt_detached_afternm
ProgramPoint: 0x080af195+1
Instruction: vaesenc XMM0, XMM0, xmmword ptr [EDX]
B2R2 SSA: SideEffect UnsupportedInstruction
Action: Analysis continued

Function: 0x080ae381 crypto_aead_aes256gcm_decrypt_detached_afternm
ProgramPoint: 0x080af1aa+1
Instruction: vaesenclast XMM0, XMM0, xmmword ptr [EDX+0xe0]
B2R2 SSA: SideEffect UnsupportedInstruction
Action: Analysis continued

Function: 0x080ae381 crypto_aead_aes256gcm_decrypt_detached_afternm
ProgramPoint: 0x080af1cb+1
Instruction: vaesenc XMM0, XMM0, xmmword ptr [EAX]
B2R2 SSA: SideEffect UnsupportedInstruction
Action: Analysis continued

Function: 0x080ae381 crypto_aead_aes256gcm_decrypt_detached_afternm
ProgramPoint: 0x080af1da+1
Instruction: vaesenclast XMM0, XMM0, xmmword ptr [EAX+0xe0]
B2R2 SSA: SideEffect UnsupportedInstruction
Action: Analysis continued

Function: 0x080ae381 crypto_aead_aes256gcm_decrypt_detached_afternm
ProgramPoint: 0x080af27b+1
Instruction: vpclmulqdq XMM7, XMM0, XMM5, 0x11
B2R2 SSA: SideEffect UnsupportedInstruction
Action: Analysis continued

Function: 0x080ae381 crypto_aead_aes256gcm_decrypt_detached_afternm
ProgramPoint: 0x080af289+1
Instruction: vpclmulqdq XMM4, XMM0, XMM5, 0x0
B2R2 SSA: SideEffect UnsupportedInstruction
Action: Analysis continued

Function: 0x080ae381 crypto_aead_aes256gcm_decrypt_detached_afternm
ProgramPoint: 0x080af28f+1
Instruction: vpclmulqdq XMM7, XMM0, XMM5, 0x10
B2R2 SSA: SideEffect UnsupportedInstruction
Action: Analysis continued

Function: 0x080ae381 crypto_aead_aes256gcm_decrypt_detached_afternm
ProgramPoint: 0x080af295+1
Instruction: vpclmulqdq XMM0, XMM0, XMM5, 0x1
B2R2 SSA: SideEffect UnsupportedInstruction
Action: Analysis continued

Function: 0x080ae381 crypto_aead_aes256gcm_decrypt_detached_afternm
ProgramPoint: 0x080af2ad+1
Instruction: vpclmulqdq XMM0, XMM4, XMM1, 0x0
B2R2 SSA: SideEffect UnsupportedInstruction
Action: Analysis continued

Function: 0x080ae381 crypto_aead_aes256gcm_decrypt_detached_afternm
ProgramPoint: 0x080af2bc+1
Instruction: vpclmulqdq XMM4, XMM0, XMM1, 0x0
B2R2 SSA: SideEffect UnsupportedInstruction
Action: Analysis continued

Function: 0x080ae381 crypto_aead_aes256gcm_decrypt_detached_afternm
ProgramPoint: 0x080af2ee+1
Instruction: vaesenc XMM0, XMM0, xmmword ptr [EAX]
B2R2 SSA: SideEffect UnsupportedInstruction
Action: Analysis continued

Function: 0x080ae381 crypto_aead_aes256gcm_decrypt_detached_afternm
ProgramPoint: 0x080af303+1
Instruction: vaesenclast XMM0, XMM0, xmmword ptr [EAX+0xe0]
B2R2 SSA: SideEffect UnsupportedInstruction
Action: Analysis continued

Function: 0x080ae381 crypto_aead_aes256gcm_decrypt_detached_afternm
ProgramPoint: 0x080af393+1
Instruction: vaesenc XMM0, XMM0, xmmword ptr [EAX]
B2R2 SSA: SideEffect UnsupportedInstruction
Action: Analysis continued

Function: 0x080ae381 crypto_aead_aes256gcm_decrypt_detached_afternm
ProgramPoint: 0x080af3a5+1
Instruction: vaesenclast XMM0, XMM0, xmmword ptr [EAX+0xe0]
B2R2 SSA: SideEffect UnsupportedInstruction
Action: Analysis continued

Function: 0x080ae381 crypto_aead_aes256gcm_decrypt_detached_afternm
ProgramPoint: 0x080af44a+1
Instruction: vaesenc XMM0, XMM0, xmmword ptr [EDI]
B2R2 SSA: SideEffect UnsupportedInstruction
Action: Analysis continued

Function: 0x080ae381 crypto_aead_aes256gcm_decrypt_detached_afternm
ProgramPoint: 0x080af459+1
Instruction: vaesenclast XMM0, XMM0, xmmword ptr [EAX+0xe0]
B2R2 SSA: SideEffect UnsupportedInstruction
Action: Analysis continued

Function: 0x080af7de encrypt_detached
ProgramPoint: 0x080af856+1
Instruction: vaesenc XMM2, XMM7, XMM2
B2R2 SSA: SideEffect UnsupportedInstruction
Action: Analysis continued

Function: 0x080af7de encrypt_detached
ProgramPoint: 0x080af861+1
Instruction: vaesenc XMM7, XMM6, XMM7
B2R2 SSA: SideEffect UnsupportedInstruction
Action: Analysis continued

Function: 0x080af7de encrypt_detached
ProgramPoint: 0x080af866+1
Instruction: vaesenc XMM6, XMM1, XMM6
B2R2 SSA: SideEffect UnsupportedInstruction
Action: Analysis continued

Function: 0x080af7de encrypt_detached
ProgramPoint: 0x080af86b+1
Instruction: vaesenc XMM1, XMM5, XMM1
B2R2 SSA: SideEffect UnsupportedInstruction
Action: Analysis continued

Function: 0x080af7de encrypt_detached
ProgramPoint: 0x080af870+1
Instruction: vaesenc XMM5, XMM4, XMM5
B2R2 SSA: SideEffect UnsupportedInstruction
Action: Analysis continued

Function: 0x080af7de encrypt_detached
ProgramPoint: 0x080af875+1
Instruction: vaesenc XMM4, XMM3, XMM4
B2R2 SSA: SideEffect UnsupportedInstruction
Action: Analysis continued

Function: 0x080af7de encrypt_detached
ProgramPoint: 0x080af87a+1
Instruction: vaesenc XMM3, XMM0, XMM3
B2R2 SSA: SideEffect UnsupportedInstruction
Action: Analysis continued

Function: 0x080af7de encrypt_detached
ProgramPoint: 0x080af885+1
Instruction: vaesenc XMM2, XMM2, XMM0
B2R2 SSA: SideEffect UnsupportedInstruction
Action: Analysis continued

Function: 0x080af7de encrypt_detached
ProgramPoint: 0x080af8ae+1
Instruction: vaesenc XMM2, XMM7, xmmword ptr [ESP+0x30]
B2R2 SSA: SideEffect UnsupportedInstruction
Action: Analysis continued

Function: 0x080af7de encrypt_detached
ProgramPoint: 0x080af8bb+1
Instruction: vaesenc XMM7, XMM6, XMM7
B2R2 SSA: SideEffect UnsupportedInstruction
Action: Analysis continued

Function: 0x080af7de encrypt_detached
ProgramPoint: 0x080af8c0+1
Instruction: vaesenc XMM6, XMM1, XMM6
B2R2 SSA: SideEffect UnsupportedInstruction
Action: Analysis continued

Function: 0x080af7de encrypt_detached
ProgramPoint: 0x080af8c5+1
Instruction: vaesenc XMM1, XMM5, XMM1
B2R2 SSA: SideEffect UnsupportedInstruction
Action: Analysis continued

Function: 0x080af7de encrypt_detached
ProgramPoint: 0x080af8ca+1
Instruction: vaesenc XMM5, XMM4, XMM5
B2R2 SSA: SideEffect UnsupportedInstruction
Action: Analysis continued

Function: 0x080af7de encrypt_detached
ProgramPoint: 0x080af8cf+1
Instruction: vaesenc XMM2, XMM3, XMM4
B2R2 SSA: SideEffect UnsupportedInstruction
Action: Analysis continued

Function: 0x080af7de encrypt_detached
ProgramPoint: 0x080af8d4+1
Instruction: vaesenc XMM3, XMM0, XMM3
B2R2 SSA: SideEffect UnsupportedInstruction
Action: Analysis continued

Function: 0x080af7de encrypt_detached
ProgramPoint: 0x080af8df+1
Instruction: vaesenc XMM0, XMM4, XMM0
B2R2 SSA: SideEffect UnsupportedInstruction
Action: Analysis continued

Function: 0x080af7de encrypt_detached
ProgramPoint: 0x080af8f0+1
Instruction: vaesenc XMM4, XMM7, xmmword ptr [ESP+0x20]
B2R2 SSA: SideEffect UnsupportedInstruction
Action: Analysis continued

Function: 0x080af7de encrypt_detached
ProgramPoint: 0x080af8fd+1
Instruction: vaesenc XMM7, XMM6, XMM7
B2R2 SSA: SideEffect UnsupportedInstruction
Action: Analysis continued

Function: 0x080af7de encrypt_detached
ProgramPoint: 0x080af902+1
Instruction: vaesenc XMM6, XMM1, XMM6
B2R2 SSA: SideEffect UnsupportedInstruction
Action: Analysis continued

Function: 0x080af7de encrypt_detached
ProgramPoint: 0x080af907+1
Instruction: vaesenc XMM1, XMM5, XMM1
B2R2 SSA: SideEffect UnsupportedInstruction
Action: Analysis continued

Function: 0x080af7de encrypt_detached
ProgramPoint: 0x080af90c+1
Instruction: vaesenc XMM5, XMM2, XMM5
B2R2 SSA: SideEffect UnsupportedInstruction
Action: Analysis continued

Function: 0x080af7de encrypt_detached
ProgramPoint: 0x080af911+1
Instruction: vaesenc XMM4, XMM3, XMM2
B2R2 SSA: SideEffect UnsupportedInstruction
Action: Analysis continued

Function: 0x080af7de encrypt_detached
ProgramPoint: 0x080af916+1
Instruction: vaesenc XMM3, XMM0, XMM3
B2R2 SSA: SideEffect UnsupportedInstruction
Action: Analysis continued

Function: 0x080af7de encrypt_detached
ProgramPoint: 0x080af921+1
Instruction: vaesenc XMM0, XMM2, XMM0
B2R2 SSA: SideEffect UnsupportedInstruction
Action: Analysis continued

Function: 0x080af7de encrypt_detached
ProgramPoint: 0x080af956+1
Instruction: vaesenc XMM2, XMM7, XMM2
B2R2 SSA: SideEffect UnsupportedInstruction
Action: Analysis continued

Function: 0x080af7de encrypt_detached
ProgramPoint: 0x080af961+1
Instruction: vaesenc XMM7, XMM6, XMM7
B2R2 SSA: SideEffect UnsupportedInstruction
Action: Analysis continued

Function: 0x080af7de encrypt_detached
ProgramPoint: 0x080af966+1
Instruction: vaesenc XMM6, XMM1, XMM6
B2R2 SSA: SideEffect UnsupportedInstruction
Action: Analysis continued

Function: 0x080af7de encrypt_detached
ProgramPoint: 0x080af96b+1
Instruction: vaesenc XMM1, XMM5, XMM1
B2R2 SSA: SideEffect UnsupportedInstruction
Action: Analysis continued

Function: 0x080af7de encrypt_detached
ProgramPoint: 0x080af970+1
Instruction: vaesenc XMM5, XMM4, XMM5
B2R2 SSA: SideEffect UnsupportedInstruction
Action: Analysis continued

Function: 0x080af7de encrypt_detached
ProgramPoint: 0x080af975+1
Instruction: vaesenc XMM4, XMM3, XMM4
B2R2 SSA: SideEffect UnsupportedInstruction
Action: Analysis continued

Function: 0x080af7de encrypt_detached
ProgramPoint: 0x080af97a+1
Instruction: vaesenc XMM3, XMM0, XMM3
B2R2 SSA: SideEffect UnsupportedInstruction
Action: Analysis continued

Function: 0x080af7de encrypt_detached
ProgramPoint: 0x080af985+1
Instruction: vaesenc XMM0, XMM2, XMM0
B2R2 SSA: SideEffect UnsupportedInstruction
Action: Analysis continued

Function: 0x080af7de encrypt_detached
ProgramPoint: 0x080afa1a+1
Instruction: vaesenc XMM0, XMM7, XMM0
B2R2 SSA: SideEffect UnsupportedInstruction
Action: Analysis continued

Function: 0x080af7de encrypt_detached
ProgramPoint: 0x080afa25+1
Instruction: vaesenc XMM7, XMM6, XMM7
B2R2 SSA: SideEffect UnsupportedInstruction
Action: Analysis continued

Function: 0x080af7de encrypt_detached
ProgramPoint: 0x080afa2a+1
Instruction: vaesenc XMM6, XMM1, XMM6
B2R2 SSA: SideEffect UnsupportedInstruction
Action: Analysis continued

Function: 0x080af7de encrypt_detached
ProgramPoint: 0x080afa2f+1
Instruction: vaesenc XMM1, XMM5, XMM1
B2R2 SSA: SideEffect UnsupportedInstruction
Action: Analysis continued

Function: 0x080af7de encrypt_detached
ProgramPoint: 0x080afa34+1
Instruction: vaesenc XMM5, XMM4, XMM5
B2R2 SSA: SideEffect UnsupportedInstruction
Action: Analysis continued

Function: 0x080af7de encrypt_detached
ProgramPoint: 0x080afa39+1
Instruction: vaesenc XMM4, XMM3, XMM4
B2R2 SSA: SideEffect UnsupportedInstruction
Action: Analysis continued

Function: 0x080af7de encrypt_detached
ProgramPoint: 0x080afa43+1
Instruction: vaesenc XMM3, XMM0, XMM3
B2R2 SSA: SideEffect UnsupportedInstruction
Action: Analysis continued

Function: 0x080af7de encrypt_detached
ProgramPoint: 0x080afa48+1
Instruction: vaesenc XMM0, XMM2, XMM0
B2R2 SSA: SideEffect UnsupportedInstruction
Action: Analysis continued

Function: 0x080af7de encrypt_detached
ProgramPoint: 0x080afad8+1
Instruction: vaesenc XMM2, XMM7, XMM2
B2R2 SSA: SideEffect UnsupportedInstruction
Action: Analysis continued

Function: 0x080af7de encrypt_detached
ProgramPoint: 0x080afae3+1
Instruction: vaesenc XMM7, XMM6, XMM7
B2R2 SSA: SideEffect UnsupportedInstruction
Action: Analysis continued

Function: 0x080af7de encrypt_detached
ProgramPoint: 0x080afae8+1
Instruction: vaesenc XMM6, XMM1, XMM6
B2R2 SSA: SideEffect UnsupportedInstruction
Action: Analysis continued

Function: 0x080af7de encrypt_detached
ProgramPoint: 0x080afaed+1
Instruction: vaesenc XMM1, XMM5, XMM1
B2R2 SSA: SideEffect UnsupportedInstruction
Action: Analysis continued

Function: 0x080af7de encrypt_detached
ProgramPoint: 0x080afaf2+1
Instruction: vaesenc XMM5, XMM4, XMM5
B2R2 SSA: SideEffect UnsupportedInstruction
Action: Analysis continued

Function: 0x080af7de encrypt_detached
ProgramPoint: 0x080afaf7+1
Instruction: vaesenc XMM4, XMM3, XMM4
B2R2 SSA: SideEffect UnsupportedInstruction
Action: Analysis continued

Function: 0x080af7de encrypt_detached
ProgramPoint: 0x080afafc+1
Instruction: vaesenc XMM3, XMM0, XMM3
B2R2 SSA: SideEffect UnsupportedInstruction
Action: Analysis continued

Function: 0x080af7de encrypt_detached
ProgramPoint: 0x080afb07+1
Instruction: vaesenc XMM0, XMM2, XMM0
B2R2 SSA: SideEffect UnsupportedInstruction
Action: Analysis continued

Function: 0x080af7de encrypt_detached
ProgramPoint: 0x080afbb0+1
Instruction: vaesenc XMM2, XMM7, XMM2
B2R2 SSA: SideEffect UnsupportedInstruction
Action: Analysis continued

Function: 0x080af7de encrypt_detached
ProgramPoint: 0x080afbbb+1
Instruction: vaesenc XMM7, XMM6, XMM7
B2R2 SSA: SideEffect UnsupportedInstruction
Action: Analysis continued

Function: 0x080af7de encrypt_detached
ProgramPoint: 0x080afbc0+1
Instruction: vaesenc XMM6, XMM1, XMM6
B2R2 SSA: SideEffect UnsupportedInstruction
Action: Analysis continued

Function: 0x080af7de encrypt_detached
ProgramPoint: 0x080afbc5+1
Instruction: vaesenc XMM1, XMM5, XMM1
B2R2 SSA: SideEffect UnsupportedInstruction
Action: Analysis continued

Function: 0x080af7de encrypt_detached
ProgramPoint: 0x080afbca+1
Instruction: vaesenc XMM5, XMM4, XMM5
B2R2 SSA: SideEffect UnsupportedInstruction
Action: Analysis continued

Function: 0x080af7de encrypt_detached
ProgramPoint: 0x080afbcf+1
Instruction: vaesenc XMM4, XMM3, XMM4
B2R2 SSA: SideEffect UnsupportedInstruction
Action: Analysis continued

Function: 0x080af7de encrypt_detached
ProgramPoint: 0x080afbd4+1
Instruction: vaesenc XMM3, XMM0, XMM3
B2R2 SSA: SideEffect UnsupportedInstruction
Action: Analysis continued

Function: 0x080af7de encrypt_detached
ProgramPoint: 0x080afbdf+1
Instruction: vaesenc XMM0, XMM2, XMM0
B2R2 SSA: SideEffect UnsupportedInstruction
Action: Analysis continued

Function: 0x080af7de encrypt_detached
ProgramPoint: 0x080afc8a+1
Instruction: vaesenc XMM2, XMM7, XMM2
B2R2 SSA: SideEffect UnsupportedInstruction
Action: Analysis continued

Function: 0x080af7de encrypt_detached
ProgramPoint: 0x080afc95+1
Instruction: vaesenc XMM7, XMM6, XMM7
B2R2 SSA: SideEffect UnsupportedInstruction
Action: Analysis continued

Function: 0x080af7de encrypt_detached
ProgramPoint: 0x080afc9a+1
Instruction: vaesenc XMM6, XMM1, XMM6
B2R2 SSA: SideEffect UnsupportedInstruction
Action: Analysis continued

Function: 0x080af7de encrypt_detached
ProgramPoint: 0x080afc9f+1
Instruction: vaesenc XMM1, XMM5, XMM1
B2R2 SSA: SideEffect UnsupportedInstruction
Action: Analysis continued

Function: 0x080af7de encrypt_detached
ProgramPoint: 0x080afca4+1
Instruction: vaesenc XMM5, XMM4, XMM5
B2R2 SSA: SideEffect UnsupportedInstruction
Action: Analysis continued

Function: 0x080af7de encrypt_detached
ProgramPoint: 0x080afca9+1
Instruction: vaesenc XMM4, XMM3, XMM4
B2R2 SSA: SideEffect UnsupportedInstruction
Action: Analysis continued

Function: 0x080af7de encrypt_detached
ProgramPoint: 0x080afcae+1
Instruction: vaesenc XMM3, XMM0, XMM3
B2R2 SSA: SideEffect UnsupportedInstruction
Action: Analysis continued

Function: 0x080af7de encrypt_detached
ProgramPoint: 0x080afcb9+1
Instruction: vaesenc XMM0, XMM2, XMM0
B2R2 SSA: SideEffect UnsupportedInstruction
Action: Analysis continued

Function: 0x080afde5 decrypt_detached
ProgramPoint: 0x080afea6+1
Instruction: vaesenc XMM2, XMM6, XMM2
B2R2 SSA: SideEffect UnsupportedInstruction
Action: Analysis continued

Function: 0x080afde5 decrypt_detached
ProgramPoint: 0x080afeb3+1
Instruction: vaesenc XMM6, XMM7, XMM6
B2R2 SSA: SideEffect UnsupportedInstruction
Action: Analysis continued

Function: 0x080afde5 decrypt_detached
ProgramPoint: 0x080afeb8+1
Instruction: vaesenc XMM7, XMM1, XMM7
B2R2 SSA: SideEffect UnsupportedInstruction
Action: Analysis continued

Function: 0x080afde5 decrypt_detached
ProgramPoint: 0x080afebd+1
Instruction: vaesenc XMM1, XMM5, XMM1
B2R2 SSA: SideEffect UnsupportedInstruction
Action: Analysis continued

Function: 0x080afde5 decrypt_detached
ProgramPoint: 0x080afec2+1
Instruction: vaesenc XMM5, XMM4, XMM5
B2R2 SSA: SideEffect UnsupportedInstruction
Action: Analysis continued

Function: 0x080afde5 decrypt_detached
ProgramPoint: 0x080afec7+1
Instruction: vaesenc XMM4, XMM3, XMM4
B2R2 SSA: SideEffect UnsupportedInstruction
Action: Analysis continued

Function: 0x080afde5 decrypt_detached
ProgramPoint: 0x080afecc+1
Instruction: vaesenc XMM3, XMM0, XMM3
B2R2 SSA: SideEffect UnsupportedInstruction
Action: Analysis continued

Function: 0x080afde5 decrypt_detached
ProgramPoint: 0x080afed9+1
Instruction: vaesenc XMM2, XMM2, XMM0
B2R2 SSA: SideEffect UnsupportedInstruction
Action: Analysis continued

Function: 0x080afde5 decrypt_detached
ProgramPoint: 0x080aff0b+1
Instruction: vaesenc XMM2, XMM6, xmmword ptr [EBP-0xa8]
B2R2 SSA: SideEffect UnsupportedInstruction
Action: Analysis continued

Function: 0x080afde5 decrypt_detached
ProgramPoint: 0x080aff1c+1
Instruction: vaesenc XMM6, XMM7, XMM6
B2R2 SSA: SideEffect UnsupportedInstruction
Action: Analysis continued

Function: 0x080afde5 decrypt_detached
ProgramPoint: 0x080aff21+1
Instruction: vaesenc XMM7, XMM1, XMM7
B2R2 SSA: SideEffect UnsupportedInstruction
Action: Analysis continued

Function: 0x080afde5 decrypt_detached
ProgramPoint: 0x080aff26+1
Instruction: vaesenc XMM1, XMM5, XMM1
B2R2 SSA: SideEffect UnsupportedInstruction
Action: Analysis continued

Function: 0x080afde5 decrypt_detached
ProgramPoint: 0x080aff2b+1
Instruction: vaesenc XMM5, XMM4, XMM5
B2R2 SSA: SideEffect UnsupportedInstruction
Action: Analysis continued

Function: 0x080afde5 decrypt_detached
ProgramPoint: 0x080aff30+1
Instruction: vaesenc XMM2, XMM3, XMM4
B2R2 SSA: SideEffect UnsupportedInstruction
Action: Analysis continued

Function: 0x080afde5 decrypt_detached
ProgramPoint: 0x080aff35+1
Instruction: vaesenc XMM3, XMM0, XMM3
B2R2 SSA: SideEffect UnsupportedInstruction
Action: Analysis continued

Function: 0x080afde5 decrypt_detached
ProgramPoint: 0x080aff42+1
Instruction: vaesenc XMM0, XMM4, XMM0
B2R2 SSA: SideEffect UnsupportedInstruction
Action: Analysis continued

Function: 0x080afde5 decrypt_detached
ProgramPoint: 0x080aff53+1
Instruction: vaesenc XMM4, XMM6, xmmword ptr [EBP-0xb8]
B2R2 SSA: SideEffect UnsupportedInstruction
Action: Analysis continued

Function: 0x080afde5 decrypt_detached
ProgramPoint: 0x080aff64+1
Instruction: vaesenc XMM6, XMM7, XMM6
B2R2 SSA: SideEffect UnsupportedInstruction
Action: Analysis continued

Function: 0x080afde5 decrypt_detached
ProgramPoint: 0x080aff69+1
Instruction: vaesenc XMM7, XMM1, XMM7
B2R2 SSA: SideEffect UnsupportedInstruction
Action: Analysis continued

Function: 0x080afde5 decrypt_detached
ProgramPoint: 0x080aff6e+1
Instruction: vaesenc XMM1, XMM5, XMM1
B2R2 SSA: SideEffect UnsupportedInstruction
Action: Analysis continued

Function: 0x080afde5 decrypt_detached
ProgramPoint: 0x080aff73+1
Instruction: vaesenc XMM5, XMM2, XMM5
B2R2 SSA: SideEffect UnsupportedInstruction
Action: Analysis continued

Function: 0x080afde5 decrypt_detached
ProgramPoint: 0x080aff78+1
Instruction: vaesenc XMM4, XMM3, XMM2
B2R2 SSA: SideEffect UnsupportedInstruction
Action: Analysis continued

Function: 0x080afde5 decrypt_detached
ProgramPoint: 0x080aff7d+1
Instruction: vaesenc XMM3, XMM0, XMM3
B2R2 SSA: SideEffect UnsupportedInstruction
Action: Analysis continued

Function: 0x080afde5 decrypt_detached
ProgramPoint: 0x080aff8a+1
Instruction: vaesenc XMM0, XMM2, XMM0
B2R2 SSA: SideEffect UnsupportedInstruction
Action: Analysis continued

Function: 0x080afde5 decrypt_detached
ProgramPoint: 0x080affc5+1
Instruction: vaesenc XMM2, XMM6, XMM2
B2R2 SSA: SideEffect UnsupportedInstruction
Action: Analysis continued

Function: 0x080afde5 decrypt_detached
ProgramPoint: 0x080affd2+1
Instruction: vaesenc XMM6, XMM7, XMM6
B2R2 SSA: SideEffect UnsupportedInstruction
Action: Analysis continued

Function: 0x080afde5 decrypt_detached
ProgramPoint: 0x080affd7+1
Instruction: vaesenc XMM7, XMM1, XMM7
B2R2 SSA: SideEffect UnsupportedInstruction
Action: Analysis continued

Function: 0x080afde5 decrypt_detached
ProgramPoint: 0x080affdc+1
Instruction: vaesenc XMM1, XMM5, XMM1
B2R2 SSA: SideEffect UnsupportedInstruction
Action: Analysis continued

Function: 0x080afde5 decrypt_detached
ProgramPoint: 0x080affe1+1
Instruction: vaesenc XMM5, XMM4, XMM5
B2R2 SSA: SideEffect UnsupportedInstruction
Action: Analysis continued

Function: 0x080afde5 decrypt_detached
ProgramPoint: 0x080affe6+1
Instruction: vaesenc XMM4, XMM3, XMM4
B2R2 SSA: SideEffect UnsupportedInstruction
Action: Analysis continued

Function: 0x080afde5 decrypt_detached
ProgramPoint: 0x080affeb+1
Instruction: vaesenc XMM3, XMM0, XMM3
B2R2 SSA: SideEffect UnsupportedInstruction
Action: Analysis continued

Function: 0x080afde5 decrypt_detached
ProgramPoint: 0x080afff8+1
Instruction: vaesenc XMM0, XMM2, XMM0
B2R2 SSA: SideEffect UnsupportedInstruction
Action: Analysis continued

Function: 0x080afde5 decrypt_detached
ProgramPoint: 0x080b00a4+1
Instruction: vaesenc XMM2, XMM6, XMM2
B2R2 SSA: SideEffect UnsupportedInstruction
Action: Analysis continued

Function: 0x080afde5 decrypt_detached
ProgramPoint: 0x080b00b9+1
Instruction: vaesenc XMM6, XMM2, XMM6
B2R2 SSA: SideEffect UnsupportedInstruction
Action: Analysis continued

Function: 0x080afde5 decrypt_detached
ProgramPoint: 0x080b00be+1
Instruction: vaesenc XMM2, XMM1, XMM2
B2R2 SSA: SideEffect UnsupportedInstruction
Action: Analysis continued

Function: 0x080afde5 decrypt_detached
ProgramPoint: 0x080b00cb+1
Instruction: vaesenc XMM1, XMM5, XMM1
B2R2 SSA: SideEffect UnsupportedInstruction
Action: Analysis continued

Function: 0x080afde5 decrypt_detached
ProgramPoint: 0x080b00d0+1
Instruction: vaesenc XMM5, XMM4, XMM5
B2R2 SSA: SideEffect UnsupportedInstruction
Action: Analysis continued

Function: 0x080afde5 decrypt_detached
ProgramPoint: 0x080b00d5+1
Instruction: vaesenc XMM4, XMM3, XMM4
B2R2 SSA: SideEffect UnsupportedInstruction
Action: Analysis continued

Function: 0x080afde5 decrypt_detached
ProgramPoint: 0x080b00e2+1
Instruction: vaesenc XMM3, XMM2, XMM3
B2R2 SSA: SideEffect UnsupportedInstruction
Action: Analysis continued

Function: 0x080afde5 decrypt_detached
ProgramPoint: 0x080b00e7+1
Instruction: vaesenc XMM7, XMM7, XMM2
B2R2 SSA: SideEffect UnsupportedInstruction
Action: Analysis continued

Function: 0x080afde5 decrypt_detached
ProgramPoint: 0x080b0273+1
Instruction: vaesenc XMM2, XMM6, XMM2
B2R2 SSA: SideEffect UnsupportedInstruction
Action: Analysis continued

Function: 0x080afde5 decrypt_detached
ProgramPoint: 0x080b0280+1
Instruction: vaesenc XMM6, XMM7, XMM6
B2R2 SSA: SideEffect UnsupportedInstruction
Action: Analysis continued

Function: 0x080afde5 decrypt_detached
ProgramPoint: 0x080b0285+1
Instruction: vaesenc XMM7, XMM1, XMM7
B2R2 SSA: SideEffect UnsupportedInstruction
Action: Analysis continued

Function: 0x080afde5 decrypt_detached
ProgramPoint: 0x080b028a+1
Instruction: vaesenc XMM1, XMM5, XMM1
B2R2 SSA: SideEffect UnsupportedInstruction
Action: Analysis continued

Function: 0x080afde5 decrypt_detached
ProgramPoint: 0x080b028f+1
Instruction: vaesenc XMM5, XMM4, XMM5
B2R2 SSA: SideEffect UnsupportedInstruction
Action: Analysis continued

Function: 0x080afde5 decrypt_detached
ProgramPoint: 0x080b0294+1
Instruction: vaesenc XMM4, XMM3, XMM4
B2R2 SSA: SideEffect UnsupportedInstruction
Action: Analysis continued

Function: 0x080afde5 decrypt_detached
ProgramPoint: 0x080b0299+1
Instruction: vaesenc XMM3, XMM0, XMM3
B2R2 SSA: SideEffect UnsupportedInstruction
Action: Analysis continued

Function: 0x080afde5 decrypt_detached
ProgramPoint: 0x080b02a6+1
Instruction: vaesenc XMM0, XMM2, XMM0
B2R2 SSA: SideEffect UnsupportedInstruction
Action: Analysis continued

Function: 0x080afde5 decrypt_detached
ProgramPoint: 0x080b0324+1
Instruction: vaesenc XMM2, XMM6, XMM2
B2R2 SSA: SideEffect UnsupportedInstruction
Action: Analysis continued

Function: 0x080afde5 decrypt_detached
ProgramPoint: 0x080b0331+1
Instruction: vaesenc XMM6, XMM7, XMM6
B2R2 SSA: SideEffect UnsupportedInstruction
Action: Analysis continued

Function: 0x080afde5 decrypt_detached
ProgramPoint: 0x080b0336+1
Instruction: vaesenc XMM7, XMM1, XMM7
B2R2 SSA: SideEffect UnsupportedInstruction
Action: Analysis continued

Function: 0x080afde5 decrypt_detached
ProgramPoint: 0x080b033b+1
Instruction: vaesenc XMM1, XMM5, XMM1
B2R2 SSA: SideEffect UnsupportedInstruction
Action: Analysis continued

Function: 0x080afde5 decrypt_detached
ProgramPoint: 0x080b0340+1
Instruction: vaesenc XMM5, XMM4, XMM5
B2R2 SSA: SideEffect UnsupportedInstruction
Action: Analysis continued

Function: 0x080afde5 decrypt_detached
ProgramPoint: 0x080b0345+1
Instruction: vaesenc XMM4, XMM3, XMM4
B2R2 SSA: SideEffect UnsupportedInstruction
Action: Analysis continued

Function: 0x080afde5 decrypt_detached
ProgramPoint: 0x080b034a+1
Instruction: vaesenc XMM3, XMM0, XMM3
B2R2 SSA: SideEffect UnsupportedInstruction
Action: Analysis continued

Function: 0x080afde5 decrypt_detached
ProgramPoint: 0x080b0357+1
Instruction: vaesenc XMM0, XMM2, XMM0
B2R2 SSA: SideEffect UnsupportedInstruction
Action: Analysis continued

Function: 0x080afde5 decrypt_detached
ProgramPoint: 0x080b0426+1
Instruction: vaesenc XMM2, XMM6, XMM2
B2R2 SSA: SideEffect UnsupportedInstruction
Action: Analysis continued

Function: 0x080afde5 decrypt_detached
ProgramPoint: 0x080b0433+1
Instruction: vaesenc XMM6, XMM7, XMM6
B2R2 SSA: SideEffect UnsupportedInstruction
Action: Analysis continued

Function: 0x080afde5 decrypt_detached
ProgramPoint: 0x080b0438+1
Instruction: vaesenc XMM7, XMM1, XMM7
B2R2 SSA: SideEffect UnsupportedInstruction
Action: Analysis continued

Function: 0x080afde5 decrypt_detached
ProgramPoint: 0x080b043d+1
Instruction: vaesenc XMM1, XMM5, XMM1
B2R2 SSA: SideEffect UnsupportedInstruction
Action: Analysis continued

Function: 0x080afde5 decrypt_detached
ProgramPoint: 0x080b0442+1
Instruction: vaesenc XMM5, XMM4, XMM5
B2R2 SSA: SideEffect UnsupportedInstruction
Action: Analysis continued

Function: 0x080afde5 decrypt_detached
ProgramPoint: 0x080b0447+1
Instruction: vaesenc XMM4, XMM3, XMM4
B2R2 SSA: SideEffect UnsupportedInstruction
Action: Analysis continued

Function: 0x080afde5 decrypt_detached
ProgramPoint: 0x080b044c+1
Instruction: vaesenc XMM3, XMM0, XMM3
B2R2 SSA: SideEffect UnsupportedInstruction
Action: Analysis continued

Function: 0x080afde5 decrypt_detached
ProgramPoint: 0x080b0459+1
Instruction: vaesenc XMM0, XMM2, XMM0
B2R2 SSA: SideEffect UnsupportedInstruction
Action: Analysis continued

Function: 0x080afde5 decrypt_detached
ProgramPoint: 0x080b04e1+1
Instruction: vaesenc XMM0, XMM6, XMM0
B2R2 SSA: SideEffect UnsupportedInstruction
Action: Analysis continued

Function: 0x080afde5 decrypt_detached
ProgramPoint: 0x080b04f6+1
Instruction: vaesenc XMM6, XMM0, XMM6
B2R2 SSA: SideEffect UnsupportedInstruction
Action: Analysis continued

Function: 0x080afde5 decrypt_detached
ProgramPoint: 0x080b04fb+1
Instruction: vaesenc XMM0, XMM1, XMM0
B2R2 SSA: SideEffect UnsupportedInstruction
Action: Analysis continued

Function: 0x080afde5 decrypt_detached
ProgramPoint: 0x080b0508+1
Instruction: vaesenc XMM1, XMM5, XMM1
B2R2 SSA: SideEffect UnsupportedInstruction
Action: Analysis continued

Function: 0x080afde5 decrypt_detached
ProgramPoint: 0x080b050d+1
Instruction: vaesenc XMM5, XMM4, XMM5
B2R2 SSA: SideEffect UnsupportedInstruction
Action: Analysis continued

Function: 0x080afde5 decrypt_detached
ProgramPoint: 0x080b0512+1
Instruction: vaesenc XMM4, XMM3, XMM4
B2R2 SSA: SideEffect UnsupportedInstruction
Action: Analysis continued

Function: 0x080afde5 decrypt_detached
ProgramPoint: 0x080b051f+1
Instruction: vaesenc XMM3, XMM0, XMM3
B2R2 SSA: SideEffect UnsupportedInstruction
Action: Analysis continued

Function: 0x080afde5 decrypt_detached
ProgramPoint: 0x080b0524+1
Instruction: vaesenc XMM7, XMM7, XMM0
B2R2 SSA: SideEffect UnsupportedInstruction
Action: Analysis continued

Function: 0x080afde5 decrypt_detached
ProgramPoint: 0x080b06bb+1
Instruction: vaesenc XMM2, XMM6, XMM2
B2R2 SSA: SideEffect UnsupportedInstruction
Action: Analysis continued

Function: 0x080afde5 decrypt_detached
ProgramPoint: 0x080b06c8+1
Instruction: vaesenc XMM6, XMM7, XMM6
B2R2 SSA: SideEffect UnsupportedInstruction
Action: Analysis continued

Function: 0x080afde5 decrypt_detached
ProgramPoint: 0x080b06cd+1
Instruction: vaesenc XMM7, XMM1, XMM7
B2R2 SSA: SideEffect UnsupportedInstruction
Action: Analysis continued

Function: 0x080afde5 decrypt_detached
ProgramPoint: 0x080b06d2+1
Instruction: vaesenc XMM1, XMM5, XMM1
B2R2 SSA: SideEffect UnsupportedInstruction
Action: Analysis continued

Function: 0x080afde5 decrypt_detached
ProgramPoint: 0x080b06d7+1
Instruction: vaesenc XMM5, XMM4, XMM5
B2R2 SSA: SideEffect UnsupportedInstruction
Action: Analysis continued

Function: 0x080afde5 decrypt_detached
ProgramPoint: 0x080b06dc+1
Instruction: vaesenc XMM4, XMM3, XMM4
B2R2 SSA: SideEffect UnsupportedInstruction
Action: Analysis continued

Function: 0x080afde5 decrypt_detached
ProgramPoint: 0x080b06e1+1
Instruction: vaesenc XMM3, XMM0, XMM3
B2R2 SSA: SideEffect UnsupportedInstruction
Action: Analysis continued

Function: 0x080afde5 decrypt_detached
ProgramPoint: 0x080b06ee+1
Instruction: vaesenc XMM0, XMM2, XMM0
B2R2 SSA: SideEffect UnsupportedInstruction
Action: Analysis continued

Function: 0x080b08d5 encrypt_detached
ProgramPoint: 0x080b0955+1
Instruction: vaesenc XMM5, XMM7, XMM6
B2R2 SSA: SideEffect UnsupportedInstruction
Action: Analysis continued

Function: 0x080b08d5 encrypt_detached
ProgramPoint: 0x080b095a+1
Instruction: vaesenc XMM7, XMM2, XMM7
B2R2 SSA: SideEffect UnsupportedInstruction
Action: Analysis continued

Function: 0x080b08d5 encrypt_detached
ProgramPoint: 0x080b095f+1
Instruction: vaesenc XMM2, XMM1, XMM2
B2R2 SSA: SideEffect UnsupportedInstruction
Action: Analysis continued

Function: 0x080b08d5 encrypt_detached
ProgramPoint: 0x080b0964+1
Instruction: vaesenc XMM1, XMM4, XMM1
B2R2 SSA: SideEffect UnsupportedInstruction
Action: Analysis continued

Function: 0x080b08d5 encrypt_detached
ProgramPoint: 0x080b0969+1
Instruction: vaesenc XMM3, XMM0, XMM4
B2R2 SSA: SideEffect UnsupportedInstruction
Action: Analysis continued

Function: 0x080b08d5 encrypt_detached
ProgramPoint: 0x080b096e+1
Instruction: vaesenc XMM0, XMM6, XMM0
B2R2 SSA: SideEffect UnsupportedInstruction
Action: Analysis continued

Function: 0x080b08d5 encrypt_detached
ProgramPoint: 0x080b0978+1
Instruction: vaesenc XMM4, XMM7, XMM5
B2R2 SSA: SideEffect UnsupportedInstruction
Action: Analysis continued

Function: 0x080b08d5 encrypt_detached
ProgramPoint: 0x080b097d+1
Instruction: vaesenc XMM7, XMM2, XMM7
B2R2 SSA: SideEffect UnsupportedInstruction
Action: Analysis continued

Function: 0x080b08d5 encrypt_detached
ProgramPoint: 0x080b0982+1
Instruction: vaesenc XMM2, XMM1, XMM2
B2R2 SSA: SideEffect UnsupportedInstruction
Action: Analysis continued

Function: 0x080b08d5 encrypt_detached
ProgramPoint: 0x080b0987+1
Instruction: vaesenc XMM1, XMM3, XMM1
B2R2 SSA: SideEffect UnsupportedInstruction
Action: Analysis continued

Function: 0x080b08d5 encrypt_detached
ProgramPoint: 0x080b098c+1
Instruction: vaesenc XMM3, XMM0, XMM3
B2R2 SSA: SideEffect UnsupportedInstruction
Action: Analysis continued

Function: 0x080b08d5 encrypt_detached
ProgramPoint: 0x080b0991+1
Instruction: vaesenc XMM0, XMM5, XMM0
B2R2 SSA: SideEffect UnsupportedInstruction
Action: Analysis continued

Function: 0x080b08d5 encrypt_detached
ProgramPoint: 0x080b099c+1
Instruction: vaesenc XMM5, XMM7, XMM4
B2R2 SSA: SideEffect UnsupportedInstruction
Action: Analysis continued

Function: 0x080b08d5 encrypt_detached
ProgramPoint: 0x080b09a1+1
Instruction: vaesenc XMM7, XMM2, XMM7
B2R2 SSA: SideEffect UnsupportedInstruction
Action: Analysis continued

Function: 0x080b08d5 encrypt_detached
ProgramPoint: 0x080b09a6+1
Instruction: vaesenc XMM2, XMM1, XMM2
B2R2 SSA: SideEffect UnsupportedInstruction
Action: Analysis continued

Function: 0x080b08d5 encrypt_detached
ProgramPoint: 0x080b09ab+1
Instruction: vaesenc XMM1, XMM3, XMM1
B2R2 SSA: SideEffect UnsupportedInstruction
Action: Analysis continued

Function: 0x080b08d5 encrypt_detached
ProgramPoint: 0x080b09b0+1
Instruction: vaesenc XMM3, XMM0, XMM3
B2R2 SSA: SideEffect UnsupportedInstruction
Action: Analysis continued

Function: 0x080b08d5 encrypt_detached
ProgramPoint: 0x080b09b5+1
Instruction: vaesenc XMM0, XMM4, XMM0
B2R2 SSA: SideEffect UnsupportedInstruction
Action: Analysis continued

Function: 0x080b08d5 encrypt_detached
ProgramPoint: 0x080b09c0+1
Instruction: vaesenc XMM6, XMM7, XMM5
B2R2 SSA: SideEffect UnsupportedInstruction
Action: Analysis continued

Function: 0x080b08d5 encrypt_detached
ProgramPoint: 0x080b09c5+1
Instruction: vaesenc XMM7, XMM2, XMM7
B2R2 SSA: SideEffect UnsupportedInstruction
Action: Analysis continued

Function: 0x080b08d5 encrypt_detached
ProgramPoint: 0x080b09ca+1
Instruction: vaesenc XMM2, XMM1, XMM2
B2R2 SSA: SideEffect UnsupportedInstruction
Action: Analysis continued

Function: 0x080b08d5 encrypt_detached
ProgramPoint: 0x080b09cf+1
Instruction: vaesenc XMM1, XMM3, XMM1
B2R2 SSA: SideEffect UnsupportedInstruction
Action: Analysis continued

Function: 0x080b08d5 encrypt_detached
ProgramPoint: 0x080b09d4+1
Instruction: vaesenc XMM4, XMM0, XMM3
B2R2 SSA: SideEffect UnsupportedInstruction
Action: Analysis continued

Function: 0x080b08d5 encrypt_detached
ProgramPoint: 0x080b09d9+1
Instruction: vaesenc XMM0, XMM5, XMM0
B2R2 SSA: SideEffect UnsupportedInstruction
Action: Analysis continued

Function: 0x080b08d5 encrypt_detached
ProgramPoint: 0x080b0a00+1
Instruction: vaesenc XMM5, XMM7, XMM6
B2R2 SSA: SideEffect UnsupportedInstruction
Action: Analysis continued

Function: 0x080b08d5 encrypt_detached
ProgramPoint: 0x080b0a05+1
Instruction: vaesenc XMM7, XMM2, XMM7
B2R2 SSA: SideEffect UnsupportedInstruction
Action: Analysis continued

Function: 0x080b08d5 encrypt_detached
ProgramPoint: 0x080b0a0a+1
Instruction: vaesenc XMM2, XMM1, XMM2
B2R2 SSA: SideEffect UnsupportedInstruction
Action: Analysis continued

Function: 0x080b08d5 encrypt_detached
ProgramPoint: 0x080b0a0f+1
Instruction: vaesenc XMM1, XMM4, XMM1
B2R2 SSA: SideEffect UnsupportedInstruction
Action: Analysis continued

Function: 0x080b08d5 encrypt_detached
ProgramPoint: 0x080b0a14+1
Instruction: vaesenc XMM3, XMM0, XMM4
B2R2 SSA: SideEffect UnsupportedInstruction
Action: Analysis continued

Function: 0x080b08d5 encrypt_detached
ProgramPoint: 0x080b0a19+1
Instruction: vaesenc XMM6, XMM6, XMM0
B2R2 SSA: SideEffect UnsupportedInstruction
Action: Analysis continued

Function: 0x080b08d5 encrypt_detached
ProgramPoint: 0x080b0a24+1
Instruction: vaesenc XMM6, XMM7, XMM5
B2R2 SSA: SideEffect UnsupportedInstruction
Action: Analysis continued

Function: 0x080b08d5 encrypt_detached
ProgramPoint: 0x080b0a29+1
Instruction: vaesenc XMM7, XMM2, XMM7
B2R2 SSA: SideEffect UnsupportedInstruction
Action: Analysis continued

Function: 0x080b08d5 encrypt_detached
ProgramPoint: 0x080b0a2e+1
Instruction: vaesenc XMM2, XMM1, XMM2
B2R2 SSA: SideEffect UnsupportedInstruction
Action: Analysis continued

Function: 0x080b08d5 encrypt_detached
ProgramPoint: 0x080b0a33+1
Instruction: vaesenc XMM1, XMM3, XMM1
B2R2 SSA: SideEffect UnsupportedInstruction
Action: Analysis continued

Function: 0x080b08d5 encrypt_detached
ProgramPoint: 0x080b0a38+1
Instruction: vaesenc XMM4, XMM0, XMM3
B2R2 SSA: SideEffect UnsupportedInstruction
Action: Analysis continued

Function: 0x080b08d5 encrypt_detached
ProgramPoint: 0x080b0a3d+1
Instruction: vaesenc XMM5, XMM5, XMM0
B2R2 SSA: SideEffect UnsupportedInstruction
Action: Analysis continued

Function: 0x080b08d5 encrypt_detached
ProgramPoint: 0x080b0a6a+1
Instruction: vaesenc XMM6, XMM7, XMM6
B2R2 SSA: SideEffect UnsupportedInstruction
Action: Analysis continued

Function: 0x080b08d5 encrypt_detached
ProgramPoint: 0x080b0a6f+1
Instruction: vaesenc XMM7, XMM2, XMM7
B2R2 SSA: SideEffect UnsupportedInstruction
Action: Analysis continued

Function: 0x080b08d5 encrypt_detached
ProgramPoint: 0x080b0a74+1
Instruction: vaesenc XMM2, XMM1, XMM2
B2R2 SSA: SideEffect UnsupportedInstruction
Action: Analysis continued

Function: 0x080b08d5 encrypt_detached
ProgramPoint: 0x080b0a79+1
Instruction: vaesenc XMM1, XMM4, XMM1
B2R2 SSA: SideEffect UnsupportedInstruction
Action: Analysis continued

Function: 0x080b08d5 encrypt_detached
ProgramPoint: 0x080b0a7e+1
Instruction: vaesenc XMM4, XMM0, XMM4
B2R2 SSA: SideEffect UnsupportedInstruction
Action: Analysis continued

Function: 0x080b08d5 encrypt_detached
ProgramPoint: 0x080b0a83+1
Instruction: vaesenc XMM0, XMM3, XMM0
B2R2 SSA: SideEffect UnsupportedInstruction
Action: Analysis continued

Function: 0x080b08d5 encrypt_detached
ProgramPoint: 0x080b0af7+1
Instruction: vaesenc XMM6, XMM7, XMM6
B2R2 SSA: SideEffect UnsupportedInstruction
Action: Analysis continued

Function: 0x080b08d5 encrypt_detached
ProgramPoint: 0x080b0afc+1
Instruction: vaesenc XMM7, XMM2, XMM7
B2R2 SSA: SideEffect UnsupportedInstruction
Action: Analysis continued

Function: 0x080b08d5 encrypt_detached
ProgramPoint: 0x080b0b01+1
Instruction: vaesenc XMM2, XMM1, XMM2
B2R2 SSA: SideEffect UnsupportedInstruction
Action: Analysis continued

Function: 0x080b08d5 encrypt_detached
ProgramPoint: 0x080b0b06+1
Instruction: vaesenc XMM1, XMM4, XMM1
B2R2 SSA: SideEffect UnsupportedInstruction
Action: Analysis continued

Function: 0x080b08d5 encrypt_detached
ProgramPoint: 0x080b0b0b+1
Instruction: vaesenc XMM4, XMM0, XMM4
B2R2 SSA: SideEffect UnsupportedInstruction
Action: Analysis continued

Function: 0x080b08d5 encrypt_detached
ProgramPoint: 0x080b0b10+1
Instruction: vaesenc XMM0, XMM3, XMM0
B2R2 SSA: SideEffect UnsupportedInstruction
Action: Analysis continued

Function: 0x080b08d5 encrypt_detached
ProgramPoint: 0x080b0b7d+1
Instruction: vaesenc XMM6, XMM7, XMM6
B2R2 SSA: SideEffect UnsupportedInstruction
Action: Analysis continued

Function: 0x080b08d5 encrypt_detached
ProgramPoint: 0x080b0b82+1
Instruction: vaesenc XMM7, XMM2, XMM7
B2R2 SSA: SideEffect UnsupportedInstruction
Action: Analysis continued

Function: 0x080b08d5 encrypt_detached
ProgramPoint: 0x080b0b87+1
Instruction: vaesenc XMM2, XMM1, XMM2
B2R2 SSA: SideEffect UnsupportedInstruction
Action: Analysis continued

Function: 0x080b08d5 encrypt_detached
ProgramPoint: 0x080b0b8c+1
Instruction: vaesenc XMM1, XMM4, XMM1
B2R2 SSA: SideEffect UnsupportedInstruction
Action: Analysis continued

Function: 0x080b08d5 encrypt_detached
ProgramPoint: 0x080b0b91+1
Instruction: vaesenc XMM4, XMM0, XMM4
B2R2 SSA: SideEffect UnsupportedInstruction
Action: Analysis continued

Function: 0x080b08d5 encrypt_detached
ProgramPoint: 0x080b0b96+1
Instruction: vaesenc XMM0, XMM5, XMM0
B2R2 SSA: SideEffect UnsupportedInstruction
Action: Analysis continued

Function: 0x080b08d5 encrypt_detached
ProgramPoint: 0x080b0c2d+1
Instruction: vaesenc XMM3, XMM7, XMM6
B2R2 SSA: SideEffect UnsupportedInstruction
Action: Analysis continued

Function: 0x080b08d5 encrypt_detached
ProgramPoint: 0x080b0c32+1
Instruction: vaesenc XMM7, XMM2, XMM7
B2R2 SSA: SideEffect UnsupportedInstruction
Action: Analysis continued

Function: 0x080b08d5 encrypt_detached
ProgramPoint: 0x080b0c37+1
Instruction: vaesenc XMM2, XMM1, XMM2
B2R2 SSA: SideEffect UnsupportedInstruction
Action: Analysis continued

Function: 0x080b08d5 encrypt_detached
ProgramPoint: 0x080b0c3c+1
Instruction: vaesenc XMM1, XMM4, XMM1
B2R2 SSA: SideEffect UnsupportedInstruction
Action: Analysis continued

Function: 0x080b08d5 encrypt_detached
ProgramPoint: 0x080b0c41+1
Instruction: vaesenc XMM4, XMM0, XMM4
B2R2 SSA: SideEffect UnsupportedInstruction
Action: Analysis continued

Function: 0x080b08d5 encrypt_detached
ProgramPoint: 0x080b0c46+1
Instruction: vaesenc XMM0, XMM6, XMM0
B2R2 SSA: SideEffect UnsupportedInstruction
Action: Analysis continued

Function: 0x080b08d5 encrypt_detached
ProgramPoint: 0x080b0cc6+1
Instruction: vaesenc XMM3, XMM7, XMM6
B2R2 SSA: SideEffect UnsupportedInstruction
Action: Analysis continued

Function: 0x080b08d5 encrypt_detached
ProgramPoint: 0x080b0ccb+1
Instruction: vaesenc XMM7, XMM2, XMM7
B2R2 SSA: SideEffect UnsupportedInstruction
Action: Analysis continued

Function: 0x080b08d5 encrypt_detached
ProgramPoint: 0x080b0cd0+1
Instruction: vaesenc XMM2, XMM1, XMM2
B2R2 SSA: SideEffect UnsupportedInstruction
Action: Analysis continued

Function: 0x080b08d5 encrypt_detached
ProgramPoint: 0x080b0cd5+1
Instruction: vaesenc XMM1, XMM4, XMM1
B2R2 SSA: SideEffect UnsupportedInstruction
Action: Analysis continued

Function: 0x080b08d5 encrypt_detached
ProgramPoint: 0x080b0cda+1
Instruction: vaesenc XMM4, XMM0, XMM4
B2R2 SSA: SideEffect UnsupportedInstruction
Action: Analysis continued

Function: 0x080b08d5 encrypt_detached
ProgramPoint: 0x080b0cdf+1
Instruction: vaesenc XMM0, XMM6, XMM0
B2R2 SSA: SideEffect UnsupportedInstruction
Action: Analysis continued

Function: 0x080b0e05 decrypt_detached
ProgramPoint: 0x080b0e91+1
Instruction: vaesenc XMM3, XMM7, XMM5
B2R2 SSA: SideEffect UnsupportedInstruction
Action: Analysis continued

Function: 0x080b0e05 decrypt_detached
ProgramPoint: 0x080b0e96+1
Instruction: vaesenc XMM7, XMM2, XMM7
B2R2 SSA: SideEffect UnsupportedInstruction
Action: Analysis continued

Function: 0x080b0e05 decrypt_detached
ProgramPoint: 0x080b0e9b+1
Instruction: vaesenc XMM2, XMM1, XMM2
B2R2 SSA: SideEffect UnsupportedInstruction
Action: Analysis continued

Function: 0x080b0e05 decrypt_detached
ProgramPoint: 0x080b0ea0+1
Instruction: vaesenc XMM1, XMM6, XMM1
B2R2 SSA: SideEffect UnsupportedInstruction
Action: Analysis continued

Function: 0x080b0e05 decrypt_detached
ProgramPoint: 0x080b0ea5+1
Instruction: vaesenc XMM6, XMM0, XMM6
B2R2 SSA: SideEffect UnsupportedInstruction
Action: Analysis continued

Function: 0x080b0e05 decrypt_detached
ProgramPoint: 0x080b0eaa+1
Instruction: vaesenc XMM0, XMM5, XMM0
B2R2 SSA: SideEffect UnsupportedInstruction
Action: Analysis continued

Function: 0x080b0e05 decrypt_detached
ProgramPoint: 0x080b0eb4+1
Instruction: vaesenc XMM4, XMM7, XMM3
B2R2 SSA: SideEffect UnsupportedInstruction
Action: Analysis continued

Function: 0x080b0e05 decrypt_detached
ProgramPoint: 0x080b0eb9+1
Instruction: vaesenc XMM7, XMM2, XMM7
B2R2 SSA: SideEffect UnsupportedInstruction
Action: Analysis continued

Function: 0x080b0e05 decrypt_detached
ProgramPoint: 0x080b0ebe+1
Instruction: vaesenc XMM2, XMM1, XMM2
B2R2 SSA: SideEffect UnsupportedInstruction
Action: Analysis continued

Function: 0x080b0e05 decrypt_detached
ProgramPoint: 0x080b0ec3+1
Instruction: vaesenc XMM1, XMM6, XMM1
B2R2 SSA: SideEffect UnsupportedInstruction
Action: Analysis continued

Function: 0x080b0e05 decrypt_detached
ProgramPoint: 0x080b0ec8+1
Instruction: vaesenc XMM6, XMM0, XMM6
B2R2 SSA: SideEffect UnsupportedInstruction
Action: Analysis continued

Function: 0x080b0e05 decrypt_detached
ProgramPoint: 0x080b0ecd+1
Instruction: vaesenc XMM0, XMM3, XMM0
B2R2 SSA: SideEffect UnsupportedInstruction
Action: Analysis continued

Function: 0x080b0e05 decrypt_detached
ProgramPoint: 0x080b0ed8+1
Instruction: vaesenc XMM5, XMM7, XMM4
B2R2 SSA: SideEffect UnsupportedInstruction
Action: Analysis continued

Function: 0x080b0e05 decrypt_detached
ProgramPoint: 0x080b0edd+1
Instruction: vaesenc XMM7, XMM2, XMM7
B2R2 SSA: SideEffect UnsupportedInstruction
Action: Analysis continued

Function: 0x080b0e05 decrypt_detached
ProgramPoint: 0x080b0ee2+1
Instruction: vaesenc XMM2, XMM1, XMM2
B2R2 SSA: SideEffect UnsupportedInstruction
Action: Analysis continued

Function: 0x080b0e05 decrypt_detached
ProgramPoint: 0x080b0ee7+1
Instruction: vaesenc XMM1, XMM6, XMM1
B2R2 SSA: SideEffect UnsupportedInstruction
Action: Analysis continued

Function: 0x080b0e05 decrypt_detached
ProgramPoint: 0x080b0eec+1
Instruction: vaesenc XMM3, XMM0, XMM6
B2R2 SSA: SideEffect UnsupportedInstruction
Action: Analysis continued

Function: 0x080b0e05 decrypt_detached
ProgramPoint: 0x080b0ef1+1
Instruction: vaesenc XMM0, XMM4, XMM0
B2R2 SSA: SideEffect UnsupportedInstruction
Action: Analysis continued

Function: 0x080b0e05 decrypt_detached
ProgramPoint: 0x080b0f00+1
Instruction: vaesenc XMM5, XMM7, XMM5
B2R2 SSA: SideEffect UnsupportedInstruction
Action: Analysis continued

Function: 0x080b0e05 decrypt_detached
ProgramPoint: 0x080b0f05+1
Instruction: vaesenc XMM7, XMM2, XMM7
B2R2 SSA: SideEffect UnsupportedInstruction
Action: Analysis continued

Function: 0x080b0e05 decrypt_detached
ProgramPoint: 0x080b0f0a+1
Instruction: vaesenc XMM2, XMM1, XMM2
B2R2 SSA: SideEffect UnsupportedInstruction
Action: Analysis continued

Function: 0x080b0e05 decrypt_detached
ProgramPoint: 0x080b0f0f+1
Instruction: vaesenc XMM1, XMM3, XMM1
B2R2 SSA: SideEffect UnsupportedInstruction
Action: Analysis continued

Function: 0x080b0e05 decrypt_detached
ProgramPoint: 0x080b0f14+1
Instruction: vaesenc XMM6, XMM0, XMM3
B2R2 SSA: SideEffect UnsupportedInstruction
Action: Analysis continued

Function: 0x080b0e05 decrypt_detached
ProgramPoint: 0x080b0f19+1
Instruction: vaesenc XMM0, XMM4, XMM0
B2R2 SSA: SideEffect UnsupportedInstruction
Action: Analysis continued

Function: 0x080b0e05 decrypt_detached
ProgramPoint: 0x080b0f40+1
Instruction: vaesenc XMM4, XMM7, XMM5
B2R2 SSA: SideEffect UnsupportedInstruction
Action: Analysis continued

Function: 0x080b0e05 decrypt_detached
ProgramPoint: 0x080b0f45+1
Instruction: vaesenc XMM7, XMM2, XMM7
B2R2 SSA: SideEffect UnsupportedInstruction
Action: Analysis continued

Function: 0x080b0e05 decrypt_detached
ProgramPoint: 0x080b0f4a+1
Instruction: vaesenc XMM2, XMM1, XMM2
B2R2 SSA: SideEffect UnsupportedInstruction
Action: Analysis continued

Function: 0x080b0e05 decrypt_detached
ProgramPoint: 0x080b0f4f+1
Instruction: vaesenc XMM1, XMM6, XMM1
B2R2 SSA: SideEffect UnsupportedInstruction
Action: Analysis continued

Function: 0x080b0e05 decrypt_detached
ProgramPoint: 0x080b0f54+1
Instruction: vaesenc XMM3, XMM0, XMM6
B2R2 SSA: SideEffect UnsupportedInstruction
Action: Analysis continued

Function: 0x080b0e05 decrypt_detached
ProgramPoint: 0x080b0f59+1
Instruction: vaesenc XMM5, XMM5, XMM0
B2R2 SSA: SideEffect UnsupportedInstruction
Action: Analysis continued

Function: 0x080b0e05 decrypt_detached
ProgramPoint: 0x080b0f64+1
Instruction: vaesenc XMM5, XMM7, XMM4
B2R2 SSA: SideEffect UnsupportedInstruction
Action: Analysis continued

Function: 0x080b0e05 decrypt_detached
ProgramPoint: 0x080b0f69+1
Instruction: vaesenc XMM7, XMM2, XMM7
B2R2 SSA: SideEffect UnsupportedInstruction
Action: Analysis continued

Function: 0x080b0e05 decrypt_detached
ProgramPoint: 0x080b0f6e+1
Instruction: vaesenc XMM2, XMM1, XMM2
B2R2 SSA: SideEffect UnsupportedInstruction
Action: Analysis continued

Function: 0x080b0e05 decrypt_detached
ProgramPoint: 0x080b0f73+1
Instruction: vaesenc XMM1, XMM3, XMM1
B2R2 SSA: SideEffect UnsupportedInstruction
Action: Analysis continued

Function: 0x080b0e05 decrypt_detached
ProgramPoint: 0x080b0f78+1
Instruction: vaesenc XMM6, XMM0, XMM3
B2R2 SSA: SideEffect UnsupportedInstruction
Action: Analysis continued

Function: 0x080b0e05 decrypt_detached
ProgramPoint: 0x080b0f7d+1
Instruction: vaesenc XMM4, XMM4, XMM0
B2R2 SSA: SideEffect UnsupportedInstruction
Action: Analysis continued

Function: 0x080b0e05 decrypt_detached
ProgramPoint: 0x080b0faa+1
Instruction: vaesenc XMM5, XMM7, XMM5
B2R2 SSA: SideEffect UnsupportedInstruction
Action: Analysis continued

Function: 0x080b0e05 decrypt_detached
ProgramPoint: 0x080b0faf+1
Instruction: vaesenc XMM7, XMM2, XMM7
B2R2 SSA: SideEffect UnsupportedInstruction
Action: Analysis continued

Function: 0x080b0e05 decrypt_detached
ProgramPoint: 0x080b0fb4+1
Instruction: vaesenc XMM2, XMM1, XMM2
B2R2 SSA: SideEffect UnsupportedInstruction
Action: Analysis continued

Function: 0x080b0e05 decrypt_detached
ProgramPoint: 0x080b0fb9+1
Instruction: vaesenc XMM1, XMM6, XMM1
B2R2 SSA: SideEffect UnsupportedInstruction
Action: Analysis continued

Function: 0x080b0e05 decrypt_detached
ProgramPoint: 0x080b0fbe+1
Instruction: vaesenc XMM6, XMM0, XMM6
B2R2 SSA: SideEffect UnsupportedInstruction
Action: Analysis continued

Function: 0x080b0e05 decrypt_detached
ProgramPoint: 0x080b0fc3+1
Instruction: vaesenc XMM0, XMM3, XMM0
B2R2 SSA: SideEffect UnsupportedInstruction
Action: Analysis continued

Function: 0x080b0e05 decrypt_detached
ProgramPoint: 0x080b1032+1
Instruction: vaesenc XMM5, XMM7, XMM5
B2R2 SSA: SideEffect UnsupportedInstruction
Action: Analysis continued

Function: 0x080b0e05 decrypt_detached
ProgramPoint: 0x080b1037+1
Instruction: vaesenc XMM7, XMM2, XMM7
B2R2 SSA: SideEffect UnsupportedInstruction
Action: Analysis continued

Function: 0x080b0e05 decrypt_detached
ProgramPoint: 0x080b103c+1
Instruction: vaesenc XMM2, XMM1, XMM2
B2R2 SSA: SideEffect UnsupportedInstruction
Action: Analysis continued

Function: 0x080b0e05 decrypt_detached
ProgramPoint: 0x080b1041+1
Instruction: vaesenc XMM1, XMM6, XMM1
B2R2 SSA: SideEffect UnsupportedInstruction
Action: Analysis continued

Function: 0x080b0e05 decrypt_detached
ProgramPoint: 0x080b1046+1
Instruction: vaesenc XMM6, XMM0, XMM6
B2R2 SSA: SideEffect UnsupportedInstruction
Action: Analysis continued

Function: 0x080b0e05 decrypt_detached
ProgramPoint: 0x080b104b+1
Instruction: vaesenc XMM0, XMM4, XMM0
B2R2 SSA: SideEffect UnsupportedInstruction
Action: Analysis continued

Function: 0x080b0e05 decrypt_detached
ProgramPoint: 0x080b1149+1
Instruction: vaesenc XMM3, XMM7, XMM5
B2R2 SSA: SideEffect UnsupportedInstruction
Action: Analysis continued

Function: 0x080b0e05 decrypt_detached
ProgramPoint: 0x080b114e+1
Instruction: vaesenc XMM7, XMM2, XMM7
B2R2 SSA: SideEffect UnsupportedInstruction
Action: Analysis continued

Function: 0x080b0e05 decrypt_detached
ProgramPoint: 0x080b1153+1
Instruction: vaesenc XMM2, XMM1, XMM2
B2R2 SSA: SideEffect UnsupportedInstruction
Action: Analysis continued

Function: 0x080b0e05 decrypt_detached
ProgramPoint: 0x080b1158+1
Instruction: vaesenc XMM1, XMM6, XMM1
B2R2 SSA: SideEffect UnsupportedInstruction
Action: Analysis continued

Function: 0x080b0e05 decrypt_detached
ProgramPoint: 0x080b115d+1
Instruction: vaesenc XMM6, XMM0, XMM6
B2R2 SSA: SideEffect UnsupportedInstruction
Action: Analysis continued

Function: 0x080b0e05 decrypt_detached
ProgramPoint: 0x080b1162+1
Instruction: vaesenc XMM0, XMM5, XMM0
B2R2 SSA: SideEffect UnsupportedInstruction
Action: Analysis continued

Function: 0x080b0e05 decrypt_detached
ProgramPoint: 0x080b11b7+1
Instruction: vaesenc XMM5, XMM7, XMM5
B2R2 SSA: SideEffect UnsupportedInstruction
Action: Analysis continued

Function: 0x080b0e05 decrypt_detached
ProgramPoint: 0x080b11bc+1
Instruction: vaesenc XMM7, XMM2, XMM7
B2R2 SSA: SideEffect UnsupportedInstruction
Action: Analysis continued

Function: 0x080b0e05 decrypt_detached
ProgramPoint: 0x080b11c1+1
Instruction: vaesenc XMM2, XMM1, XMM2
B2R2 SSA: SideEffect UnsupportedInstruction
Action: Analysis continued

Function: 0x080b0e05 decrypt_detached
ProgramPoint: 0x080b11c6+1
Instruction: vaesenc XMM1, XMM6, XMM1
B2R2 SSA: SideEffect UnsupportedInstruction
Action: Analysis continued

Function: 0x080b0e05 decrypt_detached
ProgramPoint: 0x080b11cb+1
Instruction: vaesenc XMM6, XMM0, XMM6
B2R2 SSA: SideEffect UnsupportedInstruction
Action: Analysis continued

Function: 0x080b0e05 decrypt_detached
ProgramPoint: 0x080b11d0+1
Instruction: vaesenc XMM0, XMM4, XMM0
B2R2 SSA: SideEffect UnsupportedInstruction
Action: Analysis continued

Function: 0x080b0e05 decrypt_detached
ProgramPoint: 0x080b127e+1
Instruction: vaesenc XMM3, XMM7, XMM5
B2R2 SSA: SideEffect UnsupportedInstruction
Action: Analysis continued

Function: 0x080b0e05 decrypt_detached
ProgramPoint: 0x080b1283+1
Instruction: vaesenc XMM7, XMM2, XMM7
B2R2 SSA: SideEffect UnsupportedInstruction
Action: Analysis continued

Function: 0x080b0e05 decrypt_detached
ProgramPoint: 0x080b1288+1
Instruction: vaesenc XMM2, XMM1, XMM2
B2R2 SSA: SideEffect UnsupportedInstruction
Action: Analysis continued

Function: 0x080b0e05 decrypt_detached
ProgramPoint: 0x080b128d+1
Instruction: vaesenc XMM1, XMM6, XMM1
B2R2 SSA: SideEffect UnsupportedInstruction
Action: Analysis continued

Function: 0x080b0e05 decrypt_detached
ProgramPoint: 0x080b1292+1
Instruction: vaesenc XMM6, XMM0, XMM6
B2R2 SSA: SideEffect UnsupportedInstruction
Action: Analysis continued

Function: 0x080b0e05 decrypt_detached
ProgramPoint: 0x080b1297+1
Instruction: vaesenc XMM0, XMM5, XMM0
B2R2 SSA: SideEffect UnsupportedInstruction
Action: Analysis continued

Function: 0x080b0e05 decrypt_detached
ProgramPoint: 0x080b12f2+1
Instruction: vaesenc XMM5, XMM7, XMM5
B2R2 SSA: SideEffect UnsupportedInstruction
Action: Analysis continued

Function: 0x080b0e05 decrypt_detached
ProgramPoint: 0x080b12f7+1
Instruction: vaesenc XMM7, XMM2, XMM7
B2R2 SSA: SideEffect UnsupportedInstruction
Action: Analysis continued

Function: 0x080b0e05 decrypt_detached
ProgramPoint: 0x080b12fc+1
Instruction: vaesenc XMM2, XMM1, XMM2
B2R2 SSA: SideEffect UnsupportedInstruction
Action: Analysis continued

Function: 0x080b0e05 decrypt_detached
ProgramPoint: 0x080b1301+1
Instruction: vaesenc XMM1, XMM6, XMM1
B2R2 SSA: SideEffect UnsupportedInstruction
Action: Analysis continued

Function: 0x080b0e05 decrypt_detached
ProgramPoint: 0x080b1306+1
Instruction: vaesenc XMM6, XMM0, XMM6
B2R2 SSA: SideEffect UnsupportedInstruction
Action: Analysis continued

Function: 0x080b0e05 decrypt_detached
ProgramPoint: 0x080b130b+1
Instruction: vaesenc XMM0, XMM4, XMM0
B2R2 SSA: SideEffect UnsupportedInstruction
Action: Analysis continued

Function: 0x080b0e05 decrypt_detached
ProgramPoint: 0x080b140f+1
Instruction: vaesenc XMM3, XMM7, XMM5
B2R2 SSA: SideEffect UnsupportedInstruction
Action: Analysis continued

Function: 0x080b0e05 decrypt_detached
ProgramPoint: 0x080b1414+1
Instruction: vaesenc XMM7, XMM2, XMM7
B2R2 SSA: SideEffect UnsupportedInstruction
Action: Analysis continued

Function: 0x080b0e05 decrypt_detached
ProgramPoint: 0x080b1419+1
Instruction: vaesenc XMM2, XMM1, XMM2
B2R2 SSA: SideEffect UnsupportedInstruction
Action: Analysis continued

Function: 0x080b0e05 decrypt_detached
ProgramPoint: 0x080b141e+1
Instruction: vaesenc XMM1, XMM6, XMM1
B2R2 SSA: SideEffect UnsupportedInstruction
Action: Analysis continued

Function: 0x080b0e05 decrypt_detached
ProgramPoint: 0x080b1423+1
Instruction: vaesenc XMM6, XMM0, XMM6
B2R2 SSA: SideEffect UnsupportedInstruction
Action: Analysis continued

Function: 0x080b0e05 decrypt_detached
ProgramPoint: 0x080b1428+1
Instruction: vaesenc XMM0, XMM5, XMM0
B2R2 SSA: SideEffect UnsupportedInstruction
Action: Analysis continued

Function: 0x080bf73a chacha20_encrypt_bytes
ProgramPoint: 0x080bf95f+1
Instruction: vpbroadcastq YMM0, XMM0
B2R2 SSA: SideEffect UnsupportedInstruction
Action: Analysis continued

Function: 0x080c14ae salsa20_encrypt_bytes
ProgramPoint: 0x080c16bc+1
Instruction: vpbroadcastq YMM0, XMM0
B2R2 SSA: SideEffect UnsupportedInstruction
Action: Analysis continued

